Analysis & Elaboration report for top
Thu Apr 25 15:41:14 2024
Quartus Prime Version 18.0.0 Build 614 04/24/2018 SJ Lite Edition


---------------------
; Table of Contents ;
---------------------
  1. Legal Notice
  2. Analysis & Elaboration Summary
  3. Parallel Compilation
  4. Parameter Settings for User Entity Instance: Top-level Entity: |top
  5. Analysis & Elaboration Settings
  6. Analysis & Elaboration Messages



----------------
; Legal Notice ;
----------------
Copyright (C) 2018  Intel Corporation. All rights reserved.
Your use of Intel Corporation's design tools, logic functions 
and other software and tools, and its AMPP partner logic 
functions, and any output files from any of the foregoing 
(including device programming or simulation files), and any 
associated documentation or information are expressly subject 
to the terms and conditions of the Intel Program License 
Subscription Agreement, the Intel Quartus Prime License Agreement,
the Intel FPGA IP License Agreement, or other applicable license
agreement, including, without limitation, that your use is for
the sole purpose of programming logic devices manufactured by
Intel and sold by Intel or its authorized distributors.  Please
refer to the applicable agreement for further details.



+----------------------------------------------------------------------------------+
; Analysis & Elaboration Summary                                                   ;
+------------------------------------+---------------------------------------------+
; Analysis & Elaboration Status      ; Successful - Thu Apr 25 15:41:14 2024       ;
; Quartus Prime Version              ; 18.0.0 Build 614 04/24/2018 SJ Lite Edition ;
; Revision Name                      ; top                                         ;
; Top-level Entity Name              ; top                                         ;
; Family                             ; MAX 10                                      ;
; Total logic elements               ; N/A until Partition Merge                   ;
;     Total combinational functions  ; N/A until Partition Merge                   ;
;     Dedicated logic registers      ; N/A until Partition Merge                   ;
; Total registers                    ; N/A until Partition Merge                   ;
; Total pins                         ; N/A until Partition Merge                   ;
; Total virtual pins                 ; N/A until Partition Merge                   ;
; Total memory bits                  ; N/A until Partition Merge                   ;
; Embedded Multiplier 9-bit elements ; N/A until Partition Merge                   ;
; Total PLLs                         ; N/A until Partition Merge                   ;
; UFM blocks                         ; N/A until Partition Merge                   ;
; ADC blocks                         ; N/A until Partition Merge                   ;
+------------------------------------+---------------------------------------------+


+------------------------------------------+
; Parallel Compilation                     ;
+----------------------------+-------------+
; Processors                 ; Number      ;
+----------------------------+-------------+
; Number detected on machine ; 8           ;
; Maximum allowed            ; 4           ;
;                            ;             ;
; Average used               ; 1.00        ;
; Maximum used               ; 1           ;
;                            ;             ;
; Usage by Processor         ; % Time Used ;
;     Processor 1            ; 100.0%      ;
+----------------------------+-------------+


+---------------------------------------------------------------------+
; Parameter Settings for User Entity Instance: Top-level Entity: |top ;
+-----------------+-------+-------------------------------------------+
; Parameter Name  ; Value ; Type                                      ;
+-----------------+-------+-------------------------------------------+
; idle            ; 0     ; Signed Integer                            ;
; fetch_inst      ; 1     ; Signed Integer                            ;
; dec_exec_inst   ; 2     ; Signed Integer                            ;
; next_inst       ; 3     ; Signed Integer                            ;
; sense_halt      ; 4     ; Signed Integer                            ;
; delay_next_inst ; 5     ; Signed Integer                            ;
+-----------------+-------+-------------------------------------------+
Note: In order to hide this table in the UI and the text report file, please set the "Show Parameter Settings in Synthesis Report" option in "Analysis and Synthesis Settings -> More Settings" to "Off".


+------------------------------------------------------------------------------------------------------------+
; Analysis & Elaboration Settings                                                                            ;
+------------------------------------------------------------------+--------------------+--------------------+
; Option                                                           ; Setting            ; Default Value      ;
+------------------------------------------------------------------+--------------------+--------------------+
; Device                                                           ; 10M50DAF484C7G     ;                    ;
; Top-level entity name                                            ; top                ; top                ;
; Family name                                                      ; MAX 10             ; Cyclone V          ;
; Use smart compilation                                            ; Off                ; Off                ;
; Enable parallel Assembler and Timing Analyzer during compilation ; On                 ; On                 ;
; Enable compact report table                                      ; Off                ; Off                ;
; Restructure Multiplexers                                         ; Auto               ; Auto               ;
; Create Debugging Nodes for IP Cores                              ; Off                ; Off                ;
; Preserve fewer node names                                        ; On                 ; On                 ;
; Intel FPGA IP Evaluation Mode                                    ; Enable             ; Enable             ;
; Verilog Version                                                  ; Verilog_2001       ; Verilog_2001       ;
; VHDL Version                                                     ; VHDL_1993          ; VHDL_1993          ;
; State Machine Processing                                         ; Auto               ; Auto               ;
; Safe State Machine                                               ; Off                ; Off                ;
; Extract Verilog State Machines                                   ; On                 ; On                 ;
; Extract VHDL State Machines                                      ; On                 ; On                 ;
; Ignore Verilog initial constructs                                ; Off                ; Off                ;
; Iteration limit for constant Verilog loops                       ; 5000               ; 5000               ;
; Iteration limit for non-constant Verilog loops                   ; 250                ; 250                ;
; Add Pass-Through Logic to Inferred RAMs                          ; On                 ; On                 ;
; Infer RAMs from Raw Logic                                        ; On                 ; On                 ;
; Parallel Synthesis                                               ; On                 ; On                 ;
; DSP Block Balancing                                              ; Auto               ; Auto               ;
; NOT Gate Push-Back                                               ; On                 ; On                 ;
; Power-Up Don't Care                                              ; On                 ; On                 ;
; Remove Redundant Logic Cells                                     ; Off                ; Off                ;
; Remove Duplicate Registers                                       ; On                 ; On                 ;
; Ignore CARRY Buffers                                             ; Off                ; Off                ;
; Ignore CASCADE Buffers                                           ; Off                ; Off                ;
; Ignore GLOBAL Buffers                                            ; Off                ; Off                ;
; Ignore ROW GLOBAL Buffers                                        ; Off                ; Off                ;
; Ignore LCELL Buffers                                             ; Off                ; Off                ;
; Ignore SOFT Buffers                                              ; On                 ; On                 ;
; Limit AHDL Integers to 32 Bits                                   ; Off                ; Off                ;
; Optimization Technique                                           ; Balanced           ; Balanced           ;
; Carry Chain Length                                               ; 70                 ; 70                 ;
; Auto Carry Chains                                                ; On                 ; On                 ;
; Auto Open-Drain Pins                                             ; On                 ; On                 ;
; Perform WYSIWYG Primitive Resynthesis                            ; Off                ; Off                ;
; Auto ROM Replacement                                             ; On                 ; On                 ;
; Auto RAM Replacement                                             ; On                 ; On                 ;
; Auto DSP Block Replacement                                       ; On                 ; On                 ;
; Auto Shift Register Replacement                                  ; Auto               ; Auto               ;
; Allow Shift Register Merging across Hierarchies                  ; Auto               ; Auto               ;
; Auto Clock Enable Replacement                                    ; On                 ; On                 ;
; Strict RAM Replacement                                           ; Off                ; Off                ;
; Allow Synchronous Control Signals                                ; On                 ; On                 ;
; Force Use of Synchronous Clear Signals                           ; Off                ; Off                ;
; Auto RAM Block Balancing                                         ; On                 ; On                 ;
; Auto RAM to Logic Cell Conversion                                ; Off                ; Off                ;
; Auto Resource Sharing                                            ; Off                ; Off                ;
; Allow Any RAM Size For Recognition                               ; Off                ; Off                ;
; Allow Any ROM Size For Recognition                               ; Off                ; Off                ;
; Allow Any Shift Register Size For Recognition                    ; Off                ; Off                ;
; Use LogicLock Constraints during Resource Balancing              ; On                 ; On                 ;
; Ignore translate_off and synthesis_off directives                ; Off                ; Off                ;
; Timing-Driven Synthesis                                          ; On                 ; On                 ;
; Report Parameter Settings                                        ; On                 ; On                 ;
; Report Source Assignments                                        ; On                 ; On                 ;
; Report Connectivity Checks                                       ; On                 ; On                 ;
; Ignore Maximum Fan-Out Assignments                               ; Off                ; Off                ;
; Synchronization Register Chain Length                            ; 2                  ; 2                  ;
; Power Optimization During Synthesis                              ; Normal compilation ; Normal compilation ;
; HDL message level                                                ; Level2             ; Level2             ;
; Suppress Register Optimization Related Messages                  ; Off                ; Off                ;
; Number of Removed Registers Reported in Synthesis Report         ; 5000               ; 5000               ;
; Number of Swept Nodes Reported in Synthesis Report               ; 5000               ; 5000               ;
; Number of Inverted Registers Reported in Synthesis Report        ; 100                ; 100                ;
; Clock MUX Protection                                             ; On                 ; On                 ;
; Auto Gated Clock Conversion                                      ; Off                ; Off                ;
; Block Design Naming                                              ; Auto               ; Auto               ;
; SDC constraint protection                                        ; Off                ; Off                ;
; Synthesis Effort                                                 ; Auto               ; Auto               ;
; Shift Register Replacement - Allow Asynchronous Clear Signal     ; On                 ; On                 ;
; Pre-Mapping Resynthesis Optimization                             ; Off                ; Off                ;
; Analysis & Synthesis Message Level                               ; Medium             ; Medium             ;
; Disable Register Merging Across Hierarchies                      ; Auto               ; Auto               ;
; Resource Aware Inference For Block RAM                           ; On                 ; On                 ;
+------------------------------------------------------------------+--------------------+--------------------+


+---------------------------------+
; Analysis & Elaboration Messages ;
+---------------------------------+
Info: *******************************************************************
Info: Running Quartus Prime Analysis & Elaboration
    Info: Version 18.0.0 Build 614 04/24/2018 SJ Lite Edition
    Info: Processing started: Thu Apr 25 15:41:02 2024
Info: Command: quartus_map --read_settings_files=on --write_settings_files=off top -c top --analysis_and_elaboration
Warning (18236): Number of processors has not been specified which may cause overloading on shared machines.  Set the global assignment NUM_PARALLEL_PROCESSORS in your QSF to an appropriate value for best performance.
Info (20030): Parallel compilation is enabled and will use 4 of the 4 processors detected
Info (12021): Found 1 design units, including 1 entities, in source file top.v
    Info (12023): Found entity 1: top File: D:/Udemy_Processor_Course/verilog_code/top.v Line: 53
Info (12021): Found 1 design units, including 1 entities, in source file tb.v
    Info (12023): Found entity 1: tb File: D:/Udemy_Processor_Course/verilog_code/tb.v Line: 39
Info (12127): Elaborating entity "top" for the top level hierarchy
Warning (10850): Verilog HDL warning at top.v(386): number of words (9) in memory file does not match the number of elements in the address range [0:15] File: D:/Udemy_Processor_Course/verilog_code/top.v Line: 386
Warning (10270): Verilog HDL Case Statement warning at top.v(95): incomplete case statement has no default case item File: D:/Udemy_Processor_Course/verilog_code/top.v Line: 95
Warning (10240): Verilog HDL Always Construct warning at top.v(454): inferring latch(es) for variable "IR", which holds its previous value in one or more paths through the always construct File: D:/Udemy_Processor_Course/verilog_code/top.v Line: 454
Warning (10240): Verilog HDL Always Construct warning at top.v(454): inferring latch(es) for variable "PC", which holds its previous value in one or more paths through the always construct File: D:/Udemy_Processor_Course/verilog_code/top.v Line: 454
Warning (10240): Verilog HDL Always Construct warning at top.v(454): inferring latch(es) for variable "jmp_flag", which holds its previous value in one or more paths through the always construct File: D:/Udemy_Processor_Course/verilog_code/top.v Line: 454
Warning (10240): Verilog HDL Always Construct warning at top.v(454): inferring latch(es) for variable "stop", which holds its previous value in one or more paths through the always construct File: D:/Udemy_Processor_Course/verilog_code/top.v Line: 454
Warning (10240): Verilog HDL Always Construct warning at top.v(454): inferring latch(es) for variable "dout", which holds its previous value in one or more paths through the always construct File: D:/Udemy_Processor_Course/verilog_code/top.v Line: 454
Warning (10240): Verilog HDL Always Construct warning at top.v(454): inferring latch(es) for variable "mul_res", which holds its previous value in one or more paths through the always construct File: D:/Udemy_Processor_Course/verilog_code/top.v Line: 454
Warning (10240): Verilog HDL Always Construct warning at top.v(454): inferring latch(es) for variable "SGPR", which holds its previous value in one or more paths through the always construct File: D:/Udemy_Processor_Course/verilog_code/top.v Line: 454
Warning (10240): Verilog HDL Always Construct warning at top.v(454): inferring latch(es) for variable "sign", which holds its previous value in one or more paths through the always construct File: D:/Udemy_Processor_Course/verilog_code/top.v Line: 454
Warning (10240): Verilog HDL Always Construct warning at top.v(454): inferring latch(es) for variable "temp_sum", which holds its previous value in one or more paths through the always construct File: D:/Udemy_Processor_Course/verilog_code/top.v Line: 454
Warning (10240): Verilog HDL Always Construct warning at top.v(454): inferring latch(es) for variable "carry", which holds its previous value in one or more paths through the always construct File: D:/Udemy_Processor_Course/verilog_code/top.v Line: 454
Warning (10240): Verilog HDL Always Construct warning at top.v(454): inferring latch(es) for variable "zero", which holds its previous value in one or more paths through the always construct File: D:/Udemy_Processor_Course/verilog_code/top.v Line: 454
Warning (10240): Verilog HDL Always Construct warning at top.v(454): inferring latch(es) for variable "overflow", which holds its previous value in one or more paths through the always construct File: D:/Udemy_Processor_Course/verilog_code/top.v Line: 454
Warning (10230): Verilog HDL assignment warning at top.v(524): truncated value with size 32 to match size of target (3) File: D:/Udemy_Processor_Course/verilog_code/top.v Line: 524
Warning (10030): Net "inst_mem.data_a" at top.v(60) has no driver or initial value, using a default initial value '0' File: D:/Udemy_Processor_Course/verilog_code/top.v Line: 60
Warning (10030): Net "inst_mem.waddr_a" at top.v(60) has no driver or initial value, using a default initial value '0' File: D:/Udemy_Processor_Course/verilog_code/top.v Line: 60
Warning (10030): Net "inst_mem.we_a" at top.v(60) has no driver or initial value, using a default initial value '0' File: D:/Udemy_Processor_Course/verilog_code/top.v Line: 60
Info (10041): Inferred latch for "overflow" at top.v(454) File: D:/Udemy_Processor_Course/verilog_code/top.v Line: 454
Info (10041): Inferred latch for "zero" at top.v(454) File: D:/Udemy_Processor_Course/verilog_code/top.v Line: 454
Info (10041): Inferred latch for "carry" at top.v(454) File: D:/Udemy_Processor_Course/verilog_code/top.v Line: 454
Info (10041): Inferred latch for "sign" at top.v(454) File: D:/Udemy_Processor_Course/verilog_code/top.v Line: 454
Info (10041): Inferred latch for "SGPR[0]" at top.v(454) File: D:/Udemy_Processor_Course/verilog_code/top.v Line: 454
Info (10041): Inferred latch for "SGPR[1]" at top.v(454) File: D:/Udemy_Processor_Course/verilog_code/top.v Line: 454
Info (10041): Inferred latch for "SGPR[2]" at top.v(454) File: D:/Udemy_Processor_Course/verilog_code/top.v Line: 454
Info (10041): Inferred latch for "SGPR[3]" at top.v(454) File: D:/Udemy_Processor_Course/verilog_code/top.v Line: 454
Info (10041): Inferred latch for "SGPR[4]" at top.v(454) File: D:/Udemy_Processor_Course/verilog_code/top.v Line: 454
Info (10041): Inferred latch for "SGPR[5]" at top.v(454) File: D:/Udemy_Processor_Course/verilog_code/top.v Line: 454
Info (10041): Inferred latch for "SGPR[6]" at top.v(454) File: D:/Udemy_Processor_Course/verilog_code/top.v Line: 454
Info (10041): Inferred latch for "SGPR[7]" at top.v(454) File: D:/Udemy_Processor_Course/verilog_code/top.v Line: 454
Info (10041): Inferred latch for "SGPR[8]" at top.v(454) File: D:/Udemy_Processor_Course/verilog_code/top.v Line: 454
Info (10041): Inferred latch for "SGPR[9]" at top.v(454) File: D:/Udemy_Processor_Course/verilog_code/top.v Line: 454
Info (10041): Inferred latch for "SGPR[10]" at top.v(454) File: D:/Udemy_Processor_Course/verilog_code/top.v Line: 454
Info (10041): Inferred latch for "SGPR[11]" at top.v(454) File: D:/Udemy_Processor_Course/verilog_code/top.v Line: 454
Info (10041): Inferred latch for "SGPR[12]" at top.v(454) File: D:/Udemy_Processor_Course/verilog_code/top.v Line: 454
Info (10041): Inferred latch for "SGPR[13]" at top.v(454) File: D:/Udemy_Processor_Course/verilog_code/top.v Line: 454
Info (10041): Inferred latch for "SGPR[14]" at top.v(454) File: D:/Udemy_Processor_Course/verilog_code/top.v Line: 454
Info (10041): Inferred latch for "SGPR[15]" at top.v(454) File: D:/Udemy_Processor_Course/verilog_code/top.v Line: 454
Info (10041): Inferred latch for "dout[0]" at top.v(454) File: D:/Udemy_Processor_Course/verilog_code/top.v Line: 454
Info (10041): Inferred latch for "dout[1]" at top.v(454) File: D:/Udemy_Processor_Course/verilog_code/top.v Line: 454
Info (10041): Inferred latch for "dout[2]" at top.v(454) File: D:/Udemy_Processor_Course/verilog_code/top.v Line: 454
Info (10041): Inferred latch for "dout[3]" at top.v(454) File: D:/Udemy_Processor_Course/verilog_code/top.v Line: 454
Info (10041): Inferred latch for "dout[4]" at top.v(454) File: D:/Udemy_Processor_Course/verilog_code/top.v Line: 454
Info (10041): Inferred latch for "dout[5]" at top.v(454) File: D:/Udemy_Processor_Course/verilog_code/top.v Line: 454
Info (10041): Inferred latch for "dout[6]" at top.v(454) File: D:/Udemy_Processor_Course/verilog_code/top.v Line: 454
Info (10041): Inferred latch for "dout[7]" at top.v(454) File: D:/Udemy_Processor_Course/verilog_code/top.v Line: 454
Info (10041): Inferred latch for "dout[8]" at top.v(454) File: D:/Udemy_Processor_Course/verilog_code/top.v Line: 454
Info (10041): Inferred latch for "dout[9]" at top.v(454) File: D:/Udemy_Processor_Course/verilog_code/top.v Line: 454
Info (10041): Inferred latch for "dout[10]" at top.v(454) File: D:/Udemy_Processor_Course/verilog_code/top.v Line: 454
Info (10041): Inferred latch for "dout[11]" at top.v(454) File: D:/Udemy_Processor_Course/verilog_code/top.v Line: 454
Info (10041): Inferred latch for "dout[12]" at top.v(454) File: D:/Udemy_Processor_Course/verilog_code/top.v Line: 454
Info (10041): Inferred latch for "dout[13]" at top.v(454) File: D:/Udemy_Processor_Course/verilog_code/top.v Line: 454
Info (10041): Inferred latch for "dout[14]" at top.v(454) File: D:/Udemy_Processor_Course/verilog_code/top.v Line: 454
Info (10041): Inferred latch for "dout[15]" at top.v(454) File: D:/Udemy_Processor_Course/verilog_code/top.v Line: 454
Info (10041): Inferred latch for "GPR[0][0]" at top.v(454) File: D:/Udemy_Processor_Course/verilog_code/top.v Line: 454
Info (10041): Inferred latch for "GPR[0][1]" at top.v(454) File: D:/Udemy_Processor_Course/verilog_code/top.v Line: 454
Info (10041): Inferred latch for "GPR[0][2]" at top.v(454) File: D:/Udemy_Processor_Course/verilog_code/top.v Line: 454
Info (10041): Inferred latch for "GPR[0][3]" at top.v(454) File: D:/Udemy_Processor_Course/verilog_code/top.v Line: 454
Info (10041): Inferred latch for "GPR[0][4]" at top.v(454) File: D:/Udemy_Processor_Course/verilog_code/top.v Line: 454
Info (10041): Inferred latch for "GPR[0][5]" at top.v(454) File: D:/Udemy_Processor_Course/verilog_code/top.v Line: 454
Info (10041): Inferred latch for "GPR[0][6]" at top.v(454) File: D:/Udemy_Processor_Course/verilog_code/top.v Line: 454
Info (10041): Inferred latch for "GPR[0][7]" at top.v(454) File: D:/Udemy_Processor_Course/verilog_code/top.v Line: 454
Info (10041): Inferred latch for "GPR[0][8]" at top.v(454) File: D:/Udemy_Processor_Course/verilog_code/top.v Line: 454
Info (10041): Inferred latch for "GPR[0][9]" at top.v(454) File: D:/Udemy_Processor_Course/verilog_code/top.v Line: 454
Info (10041): Inferred latch for "GPR[0][10]" at top.v(454) File: D:/Udemy_Processor_Course/verilog_code/top.v Line: 454
Info (10041): Inferred latch for "GPR[0][11]" at top.v(454) File: D:/Udemy_Processor_Course/verilog_code/top.v Line: 454
Info (10041): Inferred latch for "GPR[0][12]" at top.v(454) File: D:/Udemy_Processor_Course/verilog_code/top.v Line: 454
Info (10041): Inferred latch for "GPR[0][13]" at top.v(454) File: D:/Udemy_Processor_Course/verilog_code/top.v Line: 454
Info (10041): Inferred latch for "GPR[0][14]" at top.v(454) File: D:/Udemy_Processor_Course/verilog_code/top.v Line: 454
Info (10041): Inferred latch for "GPR[0][15]" at top.v(454) File: D:/Udemy_Processor_Course/verilog_code/top.v Line: 454
Info (10041): Inferred latch for "GPR[1][0]" at top.v(454) File: D:/Udemy_Processor_Course/verilog_code/top.v Line: 454
Info (10041): Inferred latch for "GPR[1][1]" at top.v(454) File: D:/Udemy_Processor_Course/verilog_code/top.v Line: 454
Info (10041): Inferred latch for "GPR[1][2]" at top.v(454) File: D:/Udemy_Processor_Course/verilog_code/top.v Line: 454
Info (10041): Inferred latch for "GPR[1][3]" at top.v(454) File: D:/Udemy_Processor_Course/verilog_code/top.v Line: 454
Info (10041): Inferred latch for "GPR[1][4]" at top.v(454) File: D:/Udemy_Processor_Course/verilog_code/top.v Line: 454
Info (10041): Inferred latch for "GPR[1][5]" at top.v(454) File: D:/Udemy_Processor_Course/verilog_code/top.v Line: 454
Info (10041): Inferred latch for "GPR[1][6]" at top.v(454) File: D:/Udemy_Processor_Course/verilog_code/top.v Line: 454
Info (10041): Inferred latch for "GPR[1][7]" at top.v(454) File: D:/Udemy_Processor_Course/verilog_code/top.v Line: 454
Info (10041): Inferred latch for "GPR[1][8]" at top.v(454) File: D:/Udemy_Processor_Course/verilog_code/top.v Line: 454
Info (10041): Inferred latch for "GPR[1][9]" at top.v(454) File: D:/Udemy_Processor_Course/verilog_code/top.v Line: 454
Info (10041): Inferred latch for "GPR[1][10]" at top.v(454) File: D:/Udemy_Processor_Course/verilog_code/top.v Line: 454
Info (10041): Inferred latch for "GPR[1][11]" at top.v(454) File: D:/Udemy_Processor_Course/verilog_code/top.v Line: 454
Info (10041): Inferred latch for "GPR[1][12]" at top.v(454) File: D:/Udemy_Processor_Course/verilog_code/top.v Line: 454
Info (10041): Inferred latch for "GPR[1][13]" at top.v(454) File: D:/Udemy_Processor_Course/verilog_code/top.v Line: 454
Info (10041): Inferred latch for "GPR[1][14]" at top.v(454) File: D:/Udemy_Processor_Course/verilog_code/top.v Line: 454
Info (10041): Inferred latch for "GPR[1][15]" at top.v(454) File: D:/Udemy_Processor_Course/verilog_code/top.v Line: 454
Info (10041): Inferred latch for "GPR[2][0]" at top.v(454) File: D:/Udemy_Processor_Course/verilog_code/top.v Line: 454
Info (10041): Inferred latch for "GPR[2][1]" at top.v(454) File: D:/Udemy_Processor_Course/verilog_code/top.v Line: 454
Info (10041): Inferred latch for "GPR[2][2]" at top.v(454) File: D:/Udemy_Processor_Course/verilog_code/top.v Line: 454
Info (10041): Inferred latch for "GPR[2][3]" at top.v(454) File: D:/Udemy_Processor_Course/verilog_code/top.v Line: 454
Info (10041): Inferred latch for "GPR[2][4]" at top.v(454) File: D:/Udemy_Processor_Course/verilog_code/top.v Line: 454
Info (10041): Inferred latch for "GPR[2][5]" at top.v(454) File: D:/Udemy_Processor_Course/verilog_code/top.v Line: 454
Info (10041): Inferred latch for "GPR[2][6]" at top.v(454) File: D:/Udemy_Processor_Course/verilog_code/top.v Line: 454
Info (10041): Inferred latch for "GPR[2][7]" at top.v(454) File: D:/Udemy_Processor_Course/verilog_code/top.v Line: 454
Info (10041): Inferred latch for "GPR[2][8]" at top.v(454) File: D:/Udemy_Processor_Course/verilog_code/top.v Line: 454
Info (10041): Inferred latch for "GPR[2][9]" at top.v(454) File: D:/Udemy_Processor_Course/verilog_code/top.v Line: 454
Info (10041): Inferred latch for "GPR[2][10]" at top.v(454) File: D:/Udemy_Processor_Course/verilog_code/top.v Line: 454
Info (10041): Inferred latch for "GPR[2][11]" at top.v(454) File: D:/Udemy_Processor_Course/verilog_code/top.v Line: 454
Info (10041): Inferred latch for "GPR[2][12]" at top.v(454) File: D:/Udemy_Processor_Course/verilog_code/top.v Line: 454
Info (10041): Inferred latch for "GPR[2][13]" at top.v(454) File: D:/Udemy_Processor_Course/verilog_code/top.v Line: 454
Info (10041): Inferred latch for "GPR[2][14]" at top.v(454) File: D:/Udemy_Processor_Course/verilog_code/top.v Line: 454
Info (10041): Inferred latch for "GPR[2][15]" at top.v(454) File: D:/Udemy_Processor_Course/verilog_code/top.v Line: 454
Info (10041): Inferred latch for "GPR[3][0]" at top.v(454) File: D:/Udemy_Processor_Course/verilog_code/top.v Line: 454
Info (10041): Inferred latch for "GPR[3][1]" at top.v(454) File: D:/Udemy_Processor_Course/verilog_code/top.v Line: 454
Info (10041): Inferred latch for "GPR[3][2]" at top.v(454) File: D:/Udemy_Processor_Course/verilog_code/top.v Line: 454
Info (10041): Inferred latch for "GPR[3][3]" at top.v(454) File: D:/Udemy_Processor_Course/verilog_code/top.v Line: 454
Info (10041): Inferred latch for "GPR[3][4]" at top.v(454) File: D:/Udemy_Processor_Course/verilog_code/top.v Line: 454
Info (10041): Inferred latch for "GPR[3][5]" at top.v(454) File: D:/Udemy_Processor_Course/verilog_code/top.v Line: 454
Info (10041): Inferred latch for "GPR[3][6]" at top.v(454) File: D:/Udemy_Processor_Course/verilog_code/top.v Line: 454
Info (10041): Inferred latch for "GPR[3][7]" at top.v(454) File: D:/Udemy_Processor_Course/verilog_code/top.v Line: 454
Info (10041): Inferred latch for "GPR[3][8]" at top.v(454) File: D:/Udemy_Processor_Course/verilog_code/top.v Line: 454
Info (10041): Inferred latch for "GPR[3][9]" at top.v(454) File: D:/Udemy_Processor_Course/verilog_code/top.v Line: 454
Info (10041): Inferred latch for "GPR[3][10]" at top.v(454) File: D:/Udemy_Processor_Course/verilog_code/top.v Line: 454
Info (10041): Inferred latch for "GPR[3][11]" at top.v(454) File: D:/Udemy_Processor_Course/verilog_code/top.v Line: 454
Info (10041): Inferred latch for "GPR[3][12]" at top.v(454) File: D:/Udemy_Processor_Course/verilog_code/top.v Line: 454
Info (10041): Inferred latch for "GPR[3][13]" at top.v(454) File: D:/Udemy_Processor_Course/verilog_code/top.v Line: 454
Info (10041): Inferred latch for "GPR[3][14]" at top.v(454) File: D:/Udemy_Processor_Course/verilog_code/top.v Line: 454
Info (10041): Inferred latch for "GPR[3][15]" at top.v(454) File: D:/Udemy_Processor_Course/verilog_code/top.v Line: 454
Info (10041): Inferred latch for "GPR[4][0]" at top.v(454) File: D:/Udemy_Processor_Course/verilog_code/top.v Line: 454
Info (10041): Inferred latch for "GPR[4][1]" at top.v(454) File: D:/Udemy_Processor_Course/verilog_code/top.v Line: 454
Info (10041): Inferred latch for "GPR[4][2]" at top.v(454) File: D:/Udemy_Processor_Course/verilog_code/top.v Line: 454
Info (10041): Inferred latch for "GPR[4][3]" at top.v(454) File: D:/Udemy_Processor_Course/verilog_code/top.v Line: 454
Info (10041): Inferred latch for "GPR[4][4]" at top.v(454) File: D:/Udemy_Processor_Course/verilog_code/top.v Line: 454
Info (10041): Inferred latch for "GPR[4][5]" at top.v(454) File: D:/Udemy_Processor_Course/verilog_code/top.v Line: 454
Info (10041): Inferred latch for "GPR[4][6]" at top.v(454) File: D:/Udemy_Processor_Course/verilog_code/top.v Line: 454
Info (10041): Inferred latch for "GPR[4][7]" at top.v(454) File: D:/Udemy_Processor_Course/verilog_code/top.v Line: 454
Info (10041): Inferred latch for "GPR[4][8]" at top.v(454) File: D:/Udemy_Processor_Course/verilog_code/top.v Line: 454
Info (10041): Inferred latch for "GPR[4][9]" at top.v(454) File: D:/Udemy_Processor_Course/verilog_code/top.v Line: 454
Info (10041): Inferred latch for "GPR[4][10]" at top.v(454) File: D:/Udemy_Processor_Course/verilog_code/top.v Line: 454
Info (10041): Inferred latch for "GPR[4][11]" at top.v(454) File: D:/Udemy_Processor_Course/verilog_code/top.v Line: 454
Info (10041): Inferred latch for "GPR[4][12]" at top.v(454) File: D:/Udemy_Processor_Course/verilog_code/top.v Line: 454
Info (10041): Inferred latch for "GPR[4][13]" at top.v(454) File: D:/Udemy_Processor_Course/verilog_code/top.v Line: 454
Info (10041): Inferred latch for "GPR[4][14]" at top.v(454) File: D:/Udemy_Processor_Course/verilog_code/top.v Line: 454
Info (10041): Inferred latch for "GPR[4][15]" at top.v(454) File: D:/Udemy_Processor_Course/verilog_code/top.v Line: 454
Info (10041): Inferred latch for "GPR[5][0]" at top.v(454) File: D:/Udemy_Processor_Course/verilog_code/top.v Line: 454
Info (10041): Inferred latch for "GPR[5][1]" at top.v(454) File: D:/Udemy_Processor_Course/verilog_code/top.v Line: 454
Info (10041): Inferred latch for "GPR[5][2]" at top.v(454) File: D:/Udemy_Processor_Course/verilog_code/top.v Line: 454
Info (10041): Inferred latch for "GPR[5][3]" at top.v(454) File: D:/Udemy_Processor_Course/verilog_code/top.v Line: 454
Info (10041): Inferred latch for "GPR[5][4]" at top.v(454) File: D:/Udemy_Processor_Course/verilog_code/top.v Line: 454
Info (10041): Inferred latch for "GPR[5][5]" at top.v(454) File: D:/Udemy_Processor_Course/verilog_code/top.v Line: 454
Info (10041): Inferred latch for "GPR[5][6]" at top.v(454) File: D:/Udemy_Processor_Course/verilog_code/top.v Line: 454
Info (10041): Inferred latch for "GPR[5][7]" at top.v(454) File: D:/Udemy_Processor_Course/verilog_code/top.v Line: 454
Info (10041): Inferred latch for "GPR[5][8]" at top.v(454) File: D:/Udemy_Processor_Course/verilog_code/top.v Line: 454
Info (10041): Inferred latch for "GPR[5][9]" at top.v(454) File: D:/Udemy_Processor_Course/verilog_code/top.v Line: 454
Info (10041): Inferred latch for "GPR[5][10]" at top.v(454) File: D:/Udemy_Processor_Course/verilog_code/top.v Line: 454
Info (10041): Inferred latch for "GPR[5][11]" at top.v(454) File: D:/Udemy_Processor_Course/verilog_code/top.v Line: 454
Info (10041): Inferred latch for "GPR[5][12]" at top.v(454) File: D:/Udemy_Processor_Course/verilog_code/top.v Line: 454
Info (10041): Inferred latch for "GPR[5][13]" at top.v(454) File: D:/Udemy_Processor_Course/verilog_code/top.v Line: 454
Info (10041): Inferred latch for "GPR[5][14]" at top.v(454) File: D:/Udemy_Processor_Course/verilog_code/top.v Line: 454
Info (10041): Inferred latch for "GPR[5][15]" at top.v(454) File: D:/Udemy_Processor_Course/verilog_code/top.v Line: 454
Info (10041): Inferred latch for "GPR[6][0]" at top.v(454) File: D:/Udemy_Processor_Course/verilog_code/top.v Line: 454
Info (10041): Inferred latch for "GPR[6][1]" at top.v(454) File: D:/Udemy_Processor_Course/verilog_code/top.v Line: 454
Info (10041): Inferred latch for "GPR[6][2]" at top.v(454) File: D:/Udemy_Processor_Course/verilog_code/top.v Line: 454
Info (10041): Inferred latch for "GPR[6][3]" at top.v(454) File: D:/Udemy_Processor_Course/verilog_code/top.v Line: 454
Info (10041): Inferred latch for "GPR[6][4]" at top.v(454) File: D:/Udemy_Processor_Course/verilog_code/top.v Line: 454
Info (10041): Inferred latch for "GPR[6][5]" at top.v(454) File: D:/Udemy_Processor_Course/verilog_code/top.v Line: 454
Info (10041): Inferred latch for "GPR[6][6]" at top.v(454) File: D:/Udemy_Processor_Course/verilog_code/top.v Line: 454
Info (10041): Inferred latch for "GPR[6][7]" at top.v(454) File: D:/Udemy_Processor_Course/verilog_code/top.v Line: 454
Info (10041): Inferred latch for "GPR[6][8]" at top.v(454) File: D:/Udemy_Processor_Course/verilog_code/top.v Line: 454
Info (10041): Inferred latch for "GPR[6][9]" at top.v(454) File: D:/Udemy_Processor_Course/verilog_code/top.v Line: 454
Info (10041): Inferred latch for "GPR[6][10]" at top.v(454) File: D:/Udemy_Processor_Course/verilog_code/top.v Line: 454
Info (10041): Inferred latch for "GPR[6][11]" at top.v(454) File: D:/Udemy_Processor_Course/verilog_code/top.v Line: 454
Info (10041): Inferred latch for "GPR[6][12]" at top.v(454) File: D:/Udemy_Processor_Course/verilog_code/top.v Line: 454
Info (10041): Inferred latch for "GPR[6][13]" at top.v(454) File: D:/Udemy_Processor_Course/verilog_code/top.v Line: 454
Info (10041): Inferred latch for "GPR[6][14]" at top.v(454) File: D:/Udemy_Processor_Course/verilog_code/top.v Line: 454
Info (10041): Inferred latch for "GPR[6][15]" at top.v(454) File: D:/Udemy_Processor_Course/verilog_code/top.v Line: 454
Info (10041): Inferred latch for "GPR[7][0]" at top.v(454) File: D:/Udemy_Processor_Course/verilog_code/top.v Line: 454
Info (10041): Inferred latch for "GPR[7][1]" at top.v(454) File: D:/Udemy_Processor_Course/verilog_code/top.v Line: 454
Info (10041): Inferred latch for "GPR[7][2]" at top.v(454) File: D:/Udemy_Processor_Course/verilog_code/top.v Line: 454
Info (10041): Inferred latch for "GPR[7][3]" at top.v(454) File: D:/Udemy_Processor_Course/verilog_code/top.v Line: 454
Info (10041): Inferred latch for "GPR[7][4]" at top.v(454) File: D:/Udemy_Processor_Course/verilog_code/top.v Line: 454
Info (10041): Inferred latch for "GPR[7][5]" at top.v(454) File: D:/Udemy_Processor_Course/verilog_code/top.v Line: 454
Info (10041): Inferred latch for "GPR[7][6]" at top.v(454) File: D:/Udemy_Processor_Course/verilog_code/top.v Line: 454
Info (10041): Inferred latch for "GPR[7][7]" at top.v(454) File: D:/Udemy_Processor_Course/verilog_code/top.v Line: 454
Info (10041): Inferred latch for "GPR[7][8]" at top.v(454) File: D:/Udemy_Processor_Course/verilog_code/top.v Line: 454
Info (10041): Inferred latch for "GPR[7][9]" at top.v(454) File: D:/Udemy_Processor_Course/verilog_code/top.v Line: 454
Info (10041): Inferred latch for "GPR[7][10]" at top.v(454) File: D:/Udemy_Processor_Course/verilog_code/top.v Line: 454
Info (10041): Inferred latch for "GPR[7][11]" at top.v(454) File: D:/Udemy_Processor_Course/verilog_code/top.v Line: 454
Info (10041): Inferred latch for "GPR[7][12]" at top.v(454) File: D:/Udemy_Processor_Course/verilog_code/top.v Line: 454
Info (10041): Inferred latch for "GPR[7][13]" at top.v(454) File: D:/Udemy_Processor_Course/verilog_code/top.v Line: 454
Info (10041): Inferred latch for "GPR[7][14]" at top.v(454) File: D:/Udemy_Processor_Course/verilog_code/top.v Line: 454
Info (10041): Inferred latch for "GPR[7][15]" at top.v(454) File: D:/Udemy_Processor_Course/verilog_code/top.v Line: 454
Info (10041): Inferred latch for "GPR[8][0]" at top.v(454) File: D:/Udemy_Processor_Course/verilog_code/top.v Line: 454
Info (10041): Inferred latch for "GPR[8][1]" at top.v(454) File: D:/Udemy_Processor_Course/verilog_code/top.v Line: 454
Info (10041): Inferred latch for "GPR[8][2]" at top.v(454) File: D:/Udemy_Processor_Course/verilog_code/top.v Line: 454
Info (10041): Inferred latch for "GPR[8][3]" at top.v(454) File: D:/Udemy_Processor_Course/verilog_code/top.v Line: 454
Info (10041): Inferred latch for "GPR[8][4]" at top.v(454) File: D:/Udemy_Processor_Course/verilog_code/top.v Line: 454
Info (10041): Inferred latch for "GPR[8][5]" at top.v(454) File: D:/Udemy_Processor_Course/verilog_code/top.v Line: 454
Info (10041): Inferred latch for "GPR[8][6]" at top.v(454) File: D:/Udemy_Processor_Course/verilog_code/top.v Line: 454
Info (10041): Inferred latch for "GPR[8][7]" at top.v(454) File: D:/Udemy_Processor_Course/verilog_code/top.v Line: 454
Info (10041): Inferred latch for "GPR[8][8]" at top.v(454) File: D:/Udemy_Processor_Course/verilog_code/top.v Line: 454
Info (10041): Inferred latch for "GPR[8][9]" at top.v(454) File: D:/Udemy_Processor_Course/verilog_code/top.v Line: 454
Info (10041): Inferred latch for "GPR[8][10]" at top.v(454) File: D:/Udemy_Processor_Course/verilog_code/top.v Line: 454
Info (10041): Inferred latch for "GPR[8][11]" at top.v(454) File: D:/Udemy_Processor_Course/verilog_code/top.v Line: 454
Info (10041): Inferred latch for "GPR[8][12]" at top.v(454) File: D:/Udemy_Processor_Course/verilog_code/top.v Line: 454
Info (10041): Inferred latch for "GPR[8][13]" at top.v(454) File: D:/Udemy_Processor_Course/verilog_code/top.v Line: 454
Info (10041): Inferred latch for "GPR[8][14]" at top.v(454) File: D:/Udemy_Processor_Course/verilog_code/top.v Line: 454
Info (10041): Inferred latch for "GPR[8][15]" at top.v(454) File: D:/Udemy_Processor_Course/verilog_code/top.v Line: 454
Info (10041): Inferred latch for "GPR[9][0]" at top.v(454) File: D:/Udemy_Processor_Course/verilog_code/top.v Line: 454
Info (10041): Inferred latch for "GPR[9][1]" at top.v(454) File: D:/Udemy_Processor_Course/verilog_code/top.v Line: 454
Info (10041): Inferred latch for "GPR[9][2]" at top.v(454) File: D:/Udemy_Processor_Course/verilog_code/top.v Line: 454
Info (10041): Inferred latch for "GPR[9][3]" at top.v(454) File: D:/Udemy_Processor_Course/verilog_code/top.v Line: 454
Info (10041): Inferred latch for "GPR[9][4]" at top.v(454) File: D:/Udemy_Processor_Course/verilog_code/top.v Line: 454
Info (10041): Inferred latch for "GPR[9][5]" at top.v(454) File: D:/Udemy_Processor_Course/verilog_code/top.v Line: 454
Info (10041): Inferred latch for "GPR[9][6]" at top.v(454) File: D:/Udemy_Processor_Course/verilog_code/top.v Line: 454
Info (10041): Inferred latch for "GPR[9][7]" at top.v(454) File: D:/Udemy_Processor_Course/verilog_code/top.v Line: 454
Info (10041): Inferred latch for "GPR[9][8]" at top.v(454) File: D:/Udemy_Processor_Course/verilog_code/top.v Line: 454
Info (10041): Inferred latch for "GPR[9][9]" at top.v(454) File: D:/Udemy_Processor_Course/verilog_code/top.v Line: 454
Info (10041): Inferred latch for "GPR[9][10]" at top.v(454) File: D:/Udemy_Processor_Course/verilog_code/top.v Line: 454
Info (10041): Inferred latch for "GPR[9][11]" at top.v(454) File: D:/Udemy_Processor_Course/verilog_code/top.v Line: 454
Info (10041): Inferred latch for "GPR[9][12]" at top.v(454) File: D:/Udemy_Processor_Course/verilog_code/top.v Line: 454
Info (10041): Inferred latch for "GPR[9][13]" at top.v(454) File: D:/Udemy_Processor_Course/verilog_code/top.v Line: 454
Info (10041): Inferred latch for "GPR[9][14]" at top.v(454) File: D:/Udemy_Processor_Course/verilog_code/top.v Line: 454
Info (10041): Inferred latch for "GPR[9][15]" at top.v(454) File: D:/Udemy_Processor_Course/verilog_code/top.v Line: 454
Info (10041): Inferred latch for "GPR[10][0]" at top.v(454) File: D:/Udemy_Processor_Course/verilog_code/top.v Line: 454
Info (10041): Inferred latch for "GPR[10][1]" at top.v(454) File: D:/Udemy_Processor_Course/verilog_code/top.v Line: 454
Info (10041): Inferred latch for "GPR[10][2]" at top.v(454) File: D:/Udemy_Processor_Course/verilog_code/top.v Line: 454
Info (10041): Inferred latch for "GPR[10][3]" at top.v(454) File: D:/Udemy_Processor_Course/verilog_code/top.v Line: 454
Info (10041): Inferred latch for "GPR[10][4]" at top.v(454) File: D:/Udemy_Processor_Course/verilog_code/top.v Line: 454
Info (10041): Inferred latch for "GPR[10][5]" at top.v(454) File: D:/Udemy_Processor_Course/verilog_code/top.v Line: 454
Info (10041): Inferred latch for "GPR[10][6]" at top.v(454) File: D:/Udemy_Processor_Course/verilog_code/top.v Line: 454
Info (10041): Inferred latch for "GPR[10][7]" at top.v(454) File: D:/Udemy_Processor_Course/verilog_code/top.v Line: 454
Info (10041): Inferred latch for "GPR[10][8]" at top.v(454) File: D:/Udemy_Processor_Course/verilog_code/top.v Line: 454
Info (10041): Inferred latch for "GPR[10][9]" at top.v(454) File: D:/Udemy_Processor_Course/verilog_code/top.v Line: 454
Info (10041): Inferred latch for "GPR[10][10]" at top.v(454) File: D:/Udemy_Processor_Course/verilog_code/top.v Line: 454
Info (10041): Inferred latch for "GPR[10][11]" at top.v(454) File: D:/Udemy_Processor_Course/verilog_code/top.v Line: 454
Info (10041): Inferred latch for "GPR[10][12]" at top.v(454) File: D:/Udemy_Processor_Course/verilog_code/top.v Line: 454
Info (10041): Inferred latch for "GPR[10][13]" at top.v(454) File: D:/Udemy_Processor_Course/verilog_code/top.v Line: 454
Info (10041): Inferred latch for "GPR[10][14]" at top.v(454) File: D:/Udemy_Processor_Course/verilog_code/top.v Line: 454
Info (10041): Inferred latch for "GPR[10][15]" at top.v(454) File: D:/Udemy_Processor_Course/verilog_code/top.v Line: 454
Info (10041): Inferred latch for "GPR[11][0]" at top.v(454) File: D:/Udemy_Processor_Course/verilog_code/top.v Line: 454
Info (10041): Inferred latch for "GPR[11][1]" at top.v(454) File: D:/Udemy_Processor_Course/verilog_code/top.v Line: 454
Info (10041): Inferred latch for "GPR[11][2]" at top.v(454) File: D:/Udemy_Processor_Course/verilog_code/top.v Line: 454
Info (10041): Inferred latch for "GPR[11][3]" at top.v(454) File: D:/Udemy_Processor_Course/verilog_code/top.v Line: 454
Info (10041): Inferred latch for "GPR[11][4]" at top.v(454) File: D:/Udemy_Processor_Course/verilog_code/top.v Line: 454
Info (10041): Inferred latch for "GPR[11][5]" at top.v(454) File: D:/Udemy_Processor_Course/verilog_code/top.v Line: 454
Info (10041): Inferred latch for "GPR[11][6]" at top.v(454) File: D:/Udemy_Processor_Course/verilog_code/top.v Line: 454
Info (10041): Inferred latch for "GPR[11][7]" at top.v(454) File: D:/Udemy_Processor_Course/verilog_code/top.v Line: 454
Info (10041): Inferred latch for "GPR[11][8]" at top.v(454) File: D:/Udemy_Processor_Course/verilog_code/top.v Line: 454
Info (10041): Inferred latch for "GPR[11][9]" at top.v(454) File: D:/Udemy_Processor_Course/verilog_code/top.v Line: 454
Info (10041): Inferred latch for "GPR[11][10]" at top.v(454) File: D:/Udemy_Processor_Course/verilog_code/top.v Line: 454
Info (10041): Inferred latch for "GPR[11][11]" at top.v(454) File: D:/Udemy_Processor_Course/verilog_code/top.v Line: 454
Info (10041): Inferred latch for "GPR[11][12]" at top.v(454) File: D:/Udemy_Processor_Course/verilog_code/top.v Line: 454
Info (10041): Inferred latch for "GPR[11][13]" at top.v(454) File: D:/Udemy_Processor_Course/verilog_code/top.v Line: 454
Info (10041): Inferred latch for "GPR[11][14]" at top.v(454) File: D:/Udemy_Processor_Course/verilog_code/top.v Line: 454
Info (10041): Inferred latch for "GPR[11][15]" at top.v(454) File: D:/Udemy_Processor_Course/verilog_code/top.v Line: 454
Info (10041): Inferred latch for "GPR[12][0]" at top.v(454) File: D:/Udemy_Processor_Course/verilog_code/top.v Line: 454
Info (10041): Inferred latch for "GPR[12][1]" at top.v(454) File: D:/Udemy_Processor_Course/verilog_code/top.v Line: 454
Info (10041): Inferred latch for "GPR[12][2]" at top.v(454) File: D:/Udemy_Processor_Course/verilog_code/top.v Line: 454
Info (10041): Inferred latch for "GPR[12][3]" at top.v(454) File: D:/Udemy_Processor_Course/verilog_code/top.v Line: 454
Info (10041): Inferred latch for "GPR[12][4]" at top.v(454) File: D:/Udemy_Processor_Course/verilog_code/top.v Line: 454
Info (10041): Inferred latch for "GPR[12][5]" at top.v(454) File: D:/Udemy_Processor_Course/verilog_code/top.v Line: 454
Info (10041): Inferred latch for "GPR[12][6]" at top.v(454) File: D:/Udemy_Processor_Course/verilog_code/top.v Line: 454
Info (10041): Inferred latch for "GPR[12][7]" at top.v(454) File: D:/Udemy_Processor_Course/verilog_code/top.v Line: 454
Info (10041): Inferred latch for "GPR[12][8]" at top.v(454) File: D:/Udemy_Processor_Course/verilog_code/top.v Line: 454
Info (10041): Inferred latch for "GPR[12][9]" at top.v(454) File: D:/Udemy_Processor_Course/verilog_code/top.v Line: 454
Info (10041): Inferred latch for "GPR[12][10]" at top.v(454) File: D:/Udemy_Processor_Course/verilog_code/top.v Line: 454
Info (10041): Inferred latch for "GPR[12][11]" at top.v(454) File: D:/Udemy_Processor_Course/verilog_code/top.v Line: 454
Info (10041): Inferred latch for "GPR[12][12]" at top.v(454) File: D:/Udemy_Processor_Course/verilog_code/top.v Line: 454
Info (10041): Inferred latch for "GPR[12][13]" at top.v(454) File: D:/Udemy_Processor_Course/verilog_code/top.v Line: 454
Info (10041): Inferred latch for "GPR[12][14]" at top.v(454) File: D:/Udemy_Processor_Course/verilog_code/top.v Line: 454
Info (10041): Inferred latch for "GPR[12][15]" at top.v(454) File: D:/Udemy_Processor_Course/verilog_code/top.v Line: 454
Info (10041): Inferred latch for "GPR[13][0]" at top.v(454) File: D:/Udemy_Processor_Course/verilog_code/top.v Line: 454
Info (10041): Inferred latch for "GPR[13][1]" at top.v(454) File: D:/Udemy_Processor_Course/verilog_code/top.v Line: 454
Info (10041): Inferred latch for "GPR[13][2]" at top.v(454) File: D:/Udemy_Processor_Course/verilog_code/top.v Line: 454
Info (10041): Inferred latch for "GPR[13][3]" at top.v(454) File: D:/Udemy_Processor_Course/verilog_code/top.v Line: 454
Info (10041): Inferred latch for "GPR[13][4]" at top.v(454) File: D:/Udemy_Processor_Course/verilog_code/top.v Line: 454
Info (10041): Inferred latch for "GPR[13][5]" at top.v(454) File: D:/Udemy_Processor_Course/verilog_code/top.v Line: 454
Info (10041): Inferred latch for "GPR[13][6]" at top.v(454) File: D:/Udemy_Processor_Course/verilog_code/top.v Line: 454
Info (10041): Inferred latch for "GPR[13][7]" at top.v(454) File: D:/Udemy_Processor_Course/verilog_code/top.v Line: 454
Info (10041): Inferred latch for "GPR[13][8]" at top.v(454) File: D:/Udemy_Processor_Course/verilog_code/top.v Line: 454
Info (10041): Inferred latch for "GPR[13][9]" at top.v(454) File: D:/Udemy_Processor_Course/verilog_code/top.v Line: 454
Info (10041): Inferred latch for "GPR[13][10]" at top.v(454) File: D:/Udemy_Processor_Course/verilog_code/top.v Line: 454
Info (10041): Inferred latch for "GPR[13][11]" at top.v(454) File: D:/Udemy_Processor_Course/verilog_code/top.v Line: 454
Info (10041): Inferred latch for "GPR[13][12]" at top.v(454) File: D:/Udemy_Processor_Course/verilog_code/top.v Line: 454
Info (10041): Inferred latch for "GPR[13][13]" at top.v(454) File: D:/Udemy_Processor_Course/verilog_code/top.v Line: 454
Info (10041): Inferred latch for "GPR[13][14]" at top.v(454) File: D:/Udemy_Processor_Course/verilog_code/top.v Line: 454
Info (10041): Inferred latch for "GPR[13][15]" at top.v(454) File: D:/Udemy_Processor_Course/verilog_code/top.v Line: 454
Info (10041): Inferred latch for "GPR[14][0]" at top.v(454) File: D:/Udemy_Processor_Course/verilog_code/top.v Line: 454
Info (10041): Inferred latch for "GPR[14][1]" at top.v(454) File: D:/Udemy_Processor_Course/verilog_code/top.v Line: 454
Info (10041): Inferred latch for "GPR[14][2]" at top.v(454) File: D:/Udemy_Processor_Course/verilog_code/top.v Line: 454
Info (10041): Inferred latch for "GPR[14][3]" at top.v(454) File: D:/Udemy_Processor_Course/verilog_code/top.v Line: 454
Info (10041): Inferred latch for "GPR[14][4]" at top.v(454) File: D:/Udemy_Processor_Course/verilog_code/top.v Line: 454
Info (10041): Inferred latch for "GPR[14][5]" at top.v(454) File: D:/Udemy_Processor_Course/verilog_code/top.v Line: 454
Info (10041): Inferred latch for "GPR[14][6]" at top.v(454) File: D:/Udemy_Processor_Course/verilog_code/top.v Line: 454
Info (10041): Inferred latch for "GPR[14][7]" at top.v(454) File: D:/Udemy_Processor_Course/verilog_code/top.v Line: 454
Info (10041): Inferred latch for "GPR[14][8]" at top.v(454) File: D:/Udemy_Processor_Course/verilog_code/top.v Line: 454
Info (10041): Inferred latch for "GPR[14][9]" at top.v(454) File: D:/Udemy_Processor_Course/verilog_code/top.v Line: 454
Info (10041): Inferred latch for "GPR[14][10]" at top.v(454) File: D:/Udemy_Processor_Course/verilog_code/top.v Line: 454
Info (10041): Inferred latch for "GPR[14][11]" at top.v(454) File: D:/Udemy_Processor_Course/verilog_code/top.v Line: 454
Info (10041): Inferred latch for "GPR[14][12]" at top.v(454) File: D:/Udemy_Processor_Course/verilog_code/top.v Line: 454
Info (10041): Inferred latch for "GPR[14][13]" at top.v(454) File: D:/Udemy_Processor_Course/verilog_code/top.v Line: 454
Info (10041): Inferred latch for "GPR[14][14]" at top.v(454) File: D:/Udemy_Processor_Course/verilog_code/top.v Line: 454
Info (10041): Inferred latch for "GPR[14][15]" at top.v(454) File: D:/Udemy_Processor_Course/verilog_code/top.v Line: 454
Info (10041): Inferred latch for "GPR[15][0]" at top.v(454) File: D:/Udemy_Processor_Course/verilog_code/top.v Line: 454
Info (10041): Inferred latch for "GPR[15][1]" at top.v(454) File: D:/Udemy_Processor_Course/verilog_code/top.v Line: 454
Info (10041): Inferred latch for "GPR[15][2]" at top.v(454) File: D:/Udemy_Processor_Course/verilog_code/top.v Line: 454
Info (10041): Inferred latch for "GPR[15][3]" at top.v(454) File: D:/Udemy_Processor_Course/verilog_code/top.v Line: 454
Info (10041): Inferred latch for "GPR[15][4]" at top.v(454) File: D:/Udemy_Processor_Course/verilog_code/top.v Line: 454
Info (10041): Inferred latch for "GPR[15][5]" at top.v(454) File: D:/Udemy_Processor_Course/verilog_code/top.v Line: 454
Info (10041): Inferred latch for "GPR[15][6]" at top.v(454) File: D:/Udemy_Processor_Course/verilog_code/top.v Line: 454
Info (10041): Inferred latch for "GPR[15][7]" at top.v(454) File: D:/Udemy_Processor_Course/verilog_code/top.v Line: 454
Info (10041): Inferred latch for "GPR[15][8]" at top.v(454) File: D:/Udemy_Processor_Course/verilog_code/top.v Line: 454
Info (10041): Inferred latch for "GPR[15][9]" at top.v(454) File: D:/Udemy_Processor_Course/verilog_code/top.v Line: 454
Info (10041): Inferred latch for "GPR[15][10]" at top.v(454) File: D:/Udemy_Processor_Course/verilog_code/top.v Line: 454
Info (10041): Inferred latch for "GPR[15][11]" at top.v(454) File: D:/Udemy_Processor_Course/verilog_code/top.v Line: 454
Info (10041): Inferred latch for "GPR[15][12]" at top.v(454) File: D:/Udemy_Processor_Course/verilog_code/top.v Line: 454
Info (10041): Inferred latch for "GPR[15][13]" at top.v(454) File: D:/Udemy_Processor_Course/verilog_code/top.v Line: 454
Info (10041): Inferred latch for "GPR[15][14]" at top.v(454) File: D:/Udemy_Processor_Course/verilog_code/top.v Line: 454
Info (10041): Inferred latch for "GPR[15][15]" at top.v(454) File: D:/Udemy_Processor_Course/verilog_code/top.v Line: 454
Info (10041): Inferred latch for "GPR[16][0]" at top.v(454) File: D:/Udemy_Processor_Course/verilog_code/top.v Line: 454
Info (10041): Inferred latch for "GPR[16][1]" at top.v(454) File: D:/Udemy_Processor_Course/verilog_code/top.v Line: 454
Info (10041): Inferred latch for "GPR[16][2]" at top.v(454) File: D:/Udemy_Processor_Course/verilog_code/top.v Line: 454
Info (10041): Inferred latch for "GPR[16][3]" at top.v(454) File: D:/Udemy_Processor_Course/verilog_code/top.v Line: 454
Info (10041): Inferred latch for "GPR[16][4]" at top.v(454) File: D:/Udemy_Processor_Course/verilog_code/top.v Line: 454
Info (10041): Inferred latch for "GPR[16][5]" at top.v(454) File: D:/Udemy_Processor_Course/verilog_code/top.v Line: 454
Info (10041): Inferred latch for "GPR[16][6]" at top.v(454) File: D:/Udemy_Processor_Course/verilog_code/top.v Line: 454
Info (10041): Inferred latch for "GPR[16][7]" at top.v(454) File: D:/Udemy_Processor_Course/verilog_code/top.v Line: 454
Info (10041): Inferred latch for "GPR[16][8]" at top.v(454) File: D:/Udemy_Processor_Course/verilog_code/top.v Line: 454
Info (10041): Inferred latch for "GPR[16][9]" at top.v(454) File: D:/Udemy_Processor_Course/verilog_code/top.v Line: 454
Info (10041): Inferred latch for "GPR[16][10]" at top.v(454) File: D:/Udemy_Processor_Course/verilog_code/top.v Line: 454
Info (10041): Inferred latch for "GPR[16][11]" at top.v(454) File: D:/Udemy_Processor_Course/verilog_code/top.v Line: 454
Info (10041): Inferred latch for "GPR[16][12]" at top.v(454) File: D:/Udemy_Processor_Course/verilog_code/top.v Line: 454
Info (10041): Inferred latch for "GPR[16][13]" at top.v(454) File: D:/Udemy_Processor_Course/verilog_code/top.v Line: 454
Info (10041): Inferred latch for "GPR[16][14]" at top.v(454) File: D:/Udemy_Processor_Course/verilog_code/top.v Line: 454
Info (10041): Inferred latch for "GPR[16][15]" at top.v(454) File: D:/Udemy_Processor_Course/verilog_code/top.v Line: 454
Info (10041): Inferred latch for "GPR[17][0]" at top.v(454) File: D:/Udemy_Processor_Course/verilog_code/top.v Line: 454
Info (10041): Inferred latch for "GPR[17][1]" at top.v(454) File: D:/Udemy_Processor_Course/verilog_code/top.v Line: 454
Info (10041): Inferred latch for "GPR[17][2]" at top.v(454) File: D:/Udemy_Processor_Course/verilog_code/top.v Line: 454
Info (10041): Inferred latch for "GPR[17][3]" at top.v(454) File: D:/Udemy_Processor_Course/verilog_code/top.v Line: 454
Info (10041): Inferred latch for "GPR[17][4]" at top.v(454) File: D:/Udemy_Processor_Course/verilog_code/top.v Line: 454
Info (10041): Inferred latch for "GPR[17][5]" at top.v(454) File: D:/Udemy_Processor_Course/verilog_code/top.v Line: 454
Info (10041): Inferred latch for "GPR[17][6]" at top.v(454) File: D:/Udemy_Processor_Course/verilog_code/top.v Line: 454
Info (10041): Inferred latch for "GPR[17][7]" at top.v(454) File: D:/Udemy_Processor_Course/verilog_code/top.v Line: 454
Info (10041): Inferred latch for "GPR[17][8]" at top.v(454) File: D:/Udemy_Processor_Course/verilog_code/top.v Line: 454
Info (10041): Inferred latch for "GPR[17][9]" at top.v(454) File: D:/Udemy_Processor_Course/verilog_code/top.v Line: 454
Info (10041): Inferred latch for "GPR[17][10]" at top.v(454) File: D:/Udemy_Processor_Course/verilog_code/top.v Line: 454
Info (10041): Inferred latch for "GPR[17][11]" at top.v(454) File: D:/Udemy_Processor_Course/verilog_code/top.v Line: 454
Info (10041): Inferred latch for "GPR[17][12]" at top.v(454) File: D:/Udemy_Processor_Course/verilog_code/top.v Line: 454
Info (10041): Inferred latch for "GPR[17][13]" at top.v(454) File: D:/Udemy_Processor_Course/verilog_code/top.v Line: 454
Info (10041): Inferred latch for "GPR[17][14]" at top.v(454) File: D:/Udemy_Processor_Course/verilog_code/top.v Line: 454
Info (10041): Inferred latch for "GPR[17][15]" at top.v(454) File: D:/Udemy_Processor_Course/verilog_code/top.v Line: 454
Info (10041): Inferred latch for "GPR[18][0]" at top.v(454) File: D:/Udemy_Processor_Course/verilog_code/top.v Line: 454
Info (10041): Inferred latch for "GPR[18][1]" at top.v(454) File: D:/Udemy_Processor_Course/verilog_code/top.v Line: 454
Info (10041): Inferred latch for "GPR[18][2]" at top.v(454) File: D:/Udemy_Processor_Course/verilog_code/top.v Line: 454
Info (10041): Inferred latch for "GPR[18][3]" at top.v(454) File: D:/Udemy_Processor_Course/verilog_code/top.v Line: 454
Info (10041): Inferred latch for "GPR[18][4]" at top.v(454) File: D:/Udemy_Processor_Course/verilog_code/top.v Line: 454
Info (10041): Inferred latch for "GPR[18][5]" at top.v(454) File: D:/Udemy_Processor_Course/verilog_code/top.v Line: 454
Info (10041): Inferred latch for "GPR[18][6]" at top.v(454) File: D:/Udemy_Processor_Course/verilog_code/top.v Line: 454
Info (10041): Inferred latch for "GPR[18][7]" at top.v(454) File: D:/Udemy_Processor_Course/verilog_code/top.v Line: 454
Info (10041): Inferred latch for "GPR[18][8]" at top.v(454) File: D:/Udemy_Processor_Course/verilog_code/top.v Line: 454
Info (10041): Inferred latch for "GPR[18][9]" at top.v(454) File: D:/Udemy_Processor_Course/verilog_code/top.v Line: 454
Info (10041): Inferred latch for "GPR[18][10]" at top.v(454) File: D:/Udemy_Processor_Course/verilog_code/top.v Line: 454
Info (10041): Inferred latch for "GPR[18][11]" at top.v(454) File: D:/Udemy_Processor_Course/verilog_code/top.v Line: 454
Info (10041): Inferred latch for "GPR[18][12]" at top.v(454) File: D:/Udemy_Processor_Course/verilog_code/top.v Line: 454
Info (10041): Inferred latch for "GPR[18][13]" at top.v(454) File: D:/Udemy_Processor_Course/verilog_code/top.v Line: 454
Info (10041): Inferred latch for "GPR[18][14]" at top.v(454) File: D:/Udemy_Processor_Course/verilog_code/top.v Line: 454
Info (10041): Inferred latch for "GPR[18][15]" at top.v(454) File: D:/Udemy_Processor_Course/verilog_code/top.v Line: 454
Info (10041): Inferred latch for "GPR[19][0]" at top.v(454) File: D:/Udemy_Processor_Course/verilog_code/top.v Line: 454
Info (10041): Inferred latch for "GPR[19][1]" at top.v(454) File: D:/Udemy_Processor_Course/verilog_code/top.v Line: 454
Info (10041): Inferred latch for "GPR[19][2]" at top.v(454) File: D:/Udemy_Processor_Course/verilog_code/top.v Line: 454
Info (10041): Inferred latch for "GPR[19][3]" at top.v(454) File: D:/Udemy_Processor_Course/verilog_code/top.v Line: 454
Info (10041): Inferred latch for "GPR[19][4]" at top.v(454) File: D:/Udemy_Processor_Course/verilog_code/top.v Line: 454
Info (10041): Inferred latch for "GPR[19][5]" at top.v(454) File: D:/Udemy_Processor_Course/verilog_code/top.v Line: 454
Info (10041): Inferred latch for "GPR[19][6]" at top.v(454) File: D:/Udemy_Processor_Course/verilog_code/top.v Line: 454
Info (10041): Inferred latch for "GPR[19][7]" at top.v(454) File: D:/Udemy_Processor_Course/verilog_code/top.v Line: 454
Info (10041): Inferred latch for "GPR[19][8]" at top.v(454) File: D:/Udemy_Processor_Course/verilog_code/top.v Line: 454
Info (10041): Inferred latch for "GPR[19][9]" at top.v(454) File: D:/Udemy_Processor_Course/verilog_code/top.v Line: 454
Info (10041): Inferred latch for "GPR[19][10]" at top.v(454) File: D:/Udemy_Processor_Course/verilog_code/top.v Line: 454
Info (10041): Inferred latch for "GPR[19][11]" at top.v(454) File: D:/Udemy_Processor_Course/verilog_code/top.v Line: 454
Info (10041): Inferred latch for "GPR[19][12]" at top.v(454) File: D:/Udemy_Processor_Course/verilog_code/top.v Line: 454
Info (10041): Inferred latch for "GPR[19][13]" at top.v(454) File: D:/Udemy_Processor_Course/verilog_code/top.v Line: 454
Info (10041): Inferred latch for "GPR[19][14]" at top.v(454) File: D:/Udemy_Processor_Course/verilog_code/top.v Line: 454
Info (10041): Inferred latch for "GPR[19][15]" at top.v(454) File: D:/Udemy_Processor_Course/verilog_code/top.v Line: 454
Info (10041): Inferred latch for "GPR[20][0]" at top.v(454) File: D:/Udemy_Processor_Course/verilog_code/top.v Line: 454
Info (10041): Inferred latch for "GPR[20][1]" at top.v(454) File: D:/Udemy_Processor_Course/verilog_code/top.v Line: 454
Info (10041): Inferred latch for "GPR[20][2]" at top.v(454) File: D:/Udemy_Processor_Course/verilog_code/top.v Line: 454
Info (10041): Inferred latch for "GPR[20][3]" at top.v(454) File: D:/Udemy_Processor_Course/verilog_code/top.v Line: 454
Info (10041): Inferred latch for "GPR[20][4]" at top.v(454) File: D:/Udemy_Processor_Course/verilog_code/top.v Line: 454
Info (10041): Inferred latch for "GPR[20][5]" at top.v(454) File: D:/Udemy_Processor_Course/verilog_code/top.v Line: 454
Info (10041): Inferred latch for "GPR[20][6]" at top.v(454) File: D:/Udemy_Processor_Course/verilog_code/top.v Line: 454
Info (10041): Inferred latch for "GPR[20][7]" at top.v(454) File: D:/Udemy_Processor_Course/verilog_code/top.v Line: 454
Info (10041): Inferred latch for "GPR[20][8]" at top.v(454) File: D:/Udemy_Processor_Course/verilog_code/top.v Line: 454
Info (10041): Inferred latch for "GPR[20][9]" at top.v(454) File: D:/Udemy_Processor_Course/verilog_code/top.v Line: 454
Info (10041): Inferred latch for "GPR[20][10]" at top.v(454) File: D:/Udemy_Processor_Course/verilog_code/top.v Line: 454
Info (10041): Inferred latch for "GPR[20][11]" at top.v(454) File: D:/Udemy_Processor_Course/verilog_code/top.v Line: 454
Info (10041): Inferred latch for "GPR[20][12]" at top.v(454) File: D:/Udemy_Processor_Course/verilog_code/top.v Line: 454
Info (10041): Inferred latch for "GPR[20][13]" at top.v(454) File: D:/Udemy_Processor_Course/verilog_code/top.v Line: 454
Info (10041): Inferred latch for "GPR[20][14]" at top.v(454) File: D:/Udemy_Processor_Course/verilog_code/top.v Line: 454
Info (10041): Inferred latch for "GPR[20][15]" at top.v(454) File: D:/Udemy_Processor_Course/verilog_code/top.v Line: 454
Info (10041): Inferred latch for "GPR[21][0]" at top.v(454) File: D:/Udemy_Processor_Course/verilog_code/top.v Line: 454
Info (10041): Inferred latch for "GPR[21][1]" at top.v(454) File: D:/Udemy_Processor_Course/verilog_code/top.v Line: 454
Info (10041): Inferred latch for "GPR[21][2]" at top.v(454) File: D:/Udemy_Processor_Course/verilog_code/top.v Line: 454
Info (10041): Inferred latch for "GPR[21][3]" at top.v(454) File: D:/Udemy_Processor_Course/verilog_code/top.v Line: 454
Info (10041): Inferred latch for "GPR[21][4]" at top.v(454) File: D:/Udemy_Processor_Course/verilog_code/top.v Line: 454
Info (10041): Inferred latch for "GPR[21][5]" at top.v(454) File: D:/Udemy_Processor_Course/verilog_code/top.v Line: 454
Info (10041): Inferred latch for "GPR[21][6]" at top.v(454) File: D:/Udemy_Processor_Course/verilog_code/top.v Line: 454
Info (10041): Inferred latch for "GPR[21][7]" at top.v(454) File: D:/Udemy_Processor_Course/verilog_code/top.v Line: 454
Info (10041): Inferred latch for "GPR[21][8]" at top.v(454) File: D:/Udemy_Processor_Course/verilog_code/top.v Line: 454
Info (10041): Inferred latch for "GPR[21][9]" at top.v(454) File: D:/Udemy_Processor_Course/verilog_code/top.v Line: 454
Info (10041): Inferred latch for "GPR[21][10]" at top.v(454) File: D:/Udemy_Processor_Course/verilog_code/top.v Line: 454
Info (10041): Inferred latch for "GPR[21][11]" at top.v(454) File: D:/Udemy_Processor_Course/verilog_code/top.v Line: 454
Info (10041): Inferred latch for "GPR[21][12]" at top.v(454) File: D:/Udemy_Processor_Course/verilog_code/top.v Line: 454
Info (10041): Inferred latch for "GPR[21][13]" at top.v(454) File: D:/Udemy_Processor_Course/verilog_code/top.v Line: 454
Info (10041): Inferred latch for "GPR[21][14]" at top.v(454) File: D:/Udemy_Processor_Course/verilog_code/top.v Line: 454
Info (10041): Inferred latch for "GPR[21][15]" at top.v(454) File: D:/Udemy_Processor_Course/verilog_code/top.v Line: 454
Info (10041): Inferred latch for "GPR[22][0]" at top.v(454) File: D:/Udemy_Processor_Course/verilog_code/top.v Line: 454
Info (10041): Inferred latch for "GPR[22][1]" at top.v(454) File: D:/Udemy_Processor_Course/verilog_code/top.v Line: 454
Info (10041): Inferred latch for "GPR[22][2]" at top.v(454) File: D:/Udemy_Processor_Course/verilog_code/top.v Line: 454
Info (10041): Inferred latch for "GPR[22][3]" at top.v(454) File: D:/Udemy_Processor_Course/verilog_code/top.v Line: 454
Info (10041): Inferred latch for "GPR[22][4]" at top.v(454) File: D:/Udemy_Processor_Course/verilog_code/top.v Line: 454
Info (10041): Inferred latch for "GPR[22][5]" at top.v(454) File: D:/Udemy_Processor_Course/verilog_code/top.v Line: 454
Info (10041): Inferred latch for "GPR[22][6]" at top.v(454) File: D:/Udemy_Processor_Course/verilog_code/top.v Line: 454
Info (10041): Inferred latch for "GPR[22][7]" at top.v(454) File: D:/Udemy_Processor_Course/verilog_code/top.v Line: 454
Info (10041): Inferred latch for "GPR[22][8]" at top.v(454) File: D:/Udemy_Processor_Course/verilog_code/top.v Line: 454
Info (10041): Inferred latch for "GPR[22][9]" at top.v(454) File: D:/Udemy_Processor_Course/verilog_code/top.v Line: 454
Info (10041): Inferred latch for "GPR[22][10]" at top.v(454) File: D:/Udemy_Processor_Course/verilog_code/top.v Line: 454
Info (10041): Inferred latch for "GPR[22][11]" at top.v(454) File: D:/Udemy_Processor_Course/verilog_code/top.v Line: 454
Info (10041): Inferred latch for "GPR[22][12]" at top.v(454) File: D:/Udemy_Processor_Course/verilog_code/top.v Line: 454
Info (10041): Inferred latch for "GPR[22][13]" at top.v(454) File: D:/Udemy_Processor_Course/verilog_code/top.v Line: 454
Info (10041): Inferred latch for "GPR[22][14]" at top.v(454) File: D:/Udemy_Processor_Course/verilog_code/top.v Line: 454
Info (10041): Inferred latch for "GPR[22][15]" at top.v(454) File: D:/Udemy_Processor_Course/verilog_code/top.v Line: 454
Info (10041): Inferred latch for "GPR[23][0]" at top.v(454) File: D:/Udemy_Processor_Course/verilog_code/top.v Line: 454
Info (10041): Inferred latch for "GPR[23][1]" at top.v(454) File: D:/Udemy_Processor_Course/verilog_code/top.v Line: 454
Info (10041): Inferred latch for "GPR[23][2]" at top.v(454) File: D:/Udemy_Processor_Course/verilog_code/top.v Line: 454
Info (10041): Inferred latch for "GPR[23][3]" at top.v(454) File: D:/Udemy_Processor_Course/verilog_code/top.v Line: 454
Info (10041): Inferred latch for "GPR[23][4]" at top.v(454) File: D:/Udemy_Processor_Course/verilog_code/top.v Line: 454
Info (10041): Inferred latch for "GPR[23][5]" at top.v(454) File: D:/Udemy_Processor_Course/verilog_code/top.v Line: 454
Info (10041): Inferred latch for "GPR[23][6]" at top.v(454) File: D:/Udemy_Processor_Course/verilog_code/top.v Line: 454
Info (10041): Inferred latch for "GPR[23][7]" at top.v(454) File: D:/Udemy_Processor_Course/verilog_code/top.v Line: 454
Info (10041): Inferred latch for "GPR[23][8]" at top.v(454) File: D:/Udemy_Processor_Course/verilog_code/top.v Line: 454
Info (10041): Inferred latch for "GPR[23][9]" at top.v(454) File: D:/Udemy_Processor_Course/verilog_code/top.v Line: 454
Info (10041): Inferred latch for "GPR[23][10]" at top.v(454) File: D:/Udemy_Processor_Course/verilog_code/top.v Line: 454
Info (10041): Inferred latch for "GPR[23][11]" at top.v(454) File: D:/Udemy_Processor_Course/verilog_code/top.v Line: 454
Info (10041): Inferred latch for "GPR[23][12]" at top.v(454) File: D:/Udemy_Processor_Course/verilog_code/top.v Line: 454
Info (10041): Inferred latch for "GPR[23][13]" at top.v(454) File: D:/Udemy_Processor_Course/verilog_code/top.v Line: 454
Info (10041): Inferred latch for "GPR[23][14]" at top.v(454) File: D:/Udemy_Processor_Course/verilog_code/top.v Line: 454
Info (10041): Inferred latch for "GPR[23][15]" at top.v(454) File: D:/Udemy_Processor_Course/verilog_code/top.v Line: 454
Info (10041): Inferred latch for "GPR[24][0]" at top.v(454) File: D:/Udemy_Processor_Course/verilog_code/top.v Line: 454
Info (10041): Inferred latch for "GPR[24][1]" at top.v(454) File: D:/Udemy_Processor_Course/verilog_code/top.v Line: 454
Info (10041): Inferred latch for "GPR[24][2]" at top.v(454) File: D:/Udemy_Processor_Course/verilog_code/top.v Line: 454
Info (10041): Inferred latch for "GPR[24][3]" at top.v(454) File: D:/Udemy_Processor_Course/verilog_code/top.v Line: 454
Info (10041): Inferred latch for "GPR[24][4]" at top.v(454) File: D:/Udemy_Processor_Course/verilog_code/top.v Line: 454
Info (10041): Inferred latch for "GPR[24][5]" at top.v(454) File: D:/Udemy_Processor_Course/verilog_code/top.v Line: 454
Info (10041): Inferred latch for "GPR[24][6]" at top.v(454) File: D:/Udemy_Processor_Course/verilog_code/top.v Line: 454
Info (10041): Inferred latch for "GPR[24][7]" at top.v(454) File: D:/Udemy_Processor_Course/verilog_code/top.v Line: 454
Info (10041): Inferred latch for "GPR[24][8]" at top.v(454) File: D:/Udemy_Processor_Course/verilog_code/top.v Line: 454
Info (10041): Inferred latch for "GPR[24][9]" at top.v(454) File: D:/Udemy_Processor_Course/verilog_code/top.v Line: 454
Info (10041): Inferred latch for "GPR[24][10]" at top.v(454) File: D:/Udemy_Processor_Course/verilog_code/top.v Line: 454
Info (10041): Inferred latch for "GPR[24][11]" at top.v(454) File: D:/Udemy_Processor_Course/verilog_code/top.v Line: 454
Info (10041): Inferred latch for "GPR[24][12]" at top.v(454) File: D:/Udemy_Processor_Course/verilog_code/top.v Line: 454
Info (10041): Inferred latch for "GPR[24][13]" at top.v(454) File: D:/Udemy_Processor_Course/verilog_code/top.v Line: 454
Info (10041): Inferred latch for "GPR[24][14]" at top.v(454) File: D:/Udemy_Processor_Course/verilog_code/top.v Line: 454
Info (10041): Inferred latch for "GPR[24][15]" at top.v(454) File: D:/Udemy_Processor_Course/verilog_code/top.v Line: 454
Info (10041): Inferred latch for "GPR[25][0]" at top.v(454) File: D:/Udemy_Processor_Course/verilog_code/top.v Line: 454
Info (10041): Inferred latch for "GPR[25][1]" at top.v(454) File: D:/Udemy_Processor_Course/verilog_code/top.v Line: 454
Info (10041): Inferred latch for "GPR[25][2]" at top.v(454) File: D:/Udemy_Processor_Course/verilog_code/top.v Line: 454
Info (10041): Inferred latch for "GPR[25][3]" at top.v(454) File: D:/Udemy_Processor_Course/verilog_code/top.v Line: 454
Info (10041): Inferred latch for "GPR[25][4]" at top.v(454) File: D:/Udemy_Processor_Course/verilog_code/top.v Line: 454
Info (10041): Inferred latch for "GPR[25][5]" at top.v(454) File: D:/Udemy_Processor_Course/verilog_code/top.v Line: 454
Info (10041): Inferred latch for "GPR[25][6]" at top.v(454) File: D:/Udemy_Processor_Course/verilog_code/top.v Line: 454
Info (10041): Inferred latch for "GPR[25][7]" at top.v(454) File: D:/Udemy_Processor_Course/verilog_code/top.v Line: 454
Info (10041): Inferred latch for "GPR[25][8]" at top.v(454) File: D:/Udemy_Processor_Course/verilog_code/top.v Line: 454
Info (10041): Inferred latch for "GPR[25][9]" at top.v(454) File: D:/Udemy_Processor_Course/verilog_code/top.v Line: 454
Info (10041): Inferred latch for "GPR[25][10]" at top.v(454) File: D:/Udemy_Processor_Course/verilog_code/top.v Line: 454
Info (10041): Inferred latch for "GPR[25][11]" at top.v(454) File: D:/Udemy_Processor_Course/verilog_code/top.v Line: 454
Info (10041): Inferred latch for "GPR[25][12]" at top.v(454) File: D:/Udemy_Processor_Course/verilog_code/top.v Line: 454
Info (10041): Inferred latch for "GPR[25][13]" at top.v(454) File: D:/Udemy_Processor_Course/verilog_code/top.v Line: 454
Info (10041): Inferred latch for "GPR[25][14]" at top.v(454) File: D:/Udemy_Processor_Course/verilog_code/top.v Line: 454
Info (10041): Inferred latch for "GPR[25][15]" at top.v(454) File: D:/Udemy_Processor_Course/verilog_code/top.v Line: 454
Info (10041): Inferred latch for "GPR[26][0]" at top.v(454) File: D:/Udemy_Processor_Course/verilog_code/top.v Line: 454
Info (10041): Inferred latch for "GPR[26][1]" at top.v(454) File: D:/Udemy_Processor_Course/verilog_code/top.v Line: 454
Info (10041): Inferred latch for "GPR[26][2]" at top.v(454) File: D:/Udemy_Processor_Course/verilog_code/top.v Line: 454
Info (10041): Inferred latch for "GPR[26][3]" at top.v(454) File: D:/Udemy_Processor_Course/verilog_code/top.v Line: 454
Info (10041): Inferred latch for "GPR[26][4]" at top.v(454) File: D:/Udemy_Processor_Course/verilog_code/top.v Line: 454
Info (10041): Inferred latch for "GPR[26][5]" at top.v(454) File: D:/Udemy_Processor_Course/verilog_code/top.v Line: 454
Info (10041): Inferred latch for "GPR[26][6]" at top.v(454) File: D:/Udemy_Processor_Course/verilog_code/top.v Line: 454
Info (10041): Inferred latch for "GPR[26][7]" at top.v(454) File: D:/Udemy_Processor_Course/verilog_code/top.v Line: 454
Info (10041): Inferred latch for "GPR[26][8]" at top.v(454) File: D:/Udemy_Processor_Course/verilog_code/top.v Line: 454
Info (10041): Inferred latch for "GPR[26][9]" at top.v(454) File: D:/Udemy_Processor_Course/verilog_code/top.v Line: 454
Info (10041): Inferred latch for "GPR[26][10]" at top.v(454) File: D:/Udemy_Processor_Course/verilog_code/top.v Line: 454
Info (10041): Inferred latch for "GPR[26][11]" at top.v(454) File: D:/Udemy_Processor_Course/verilog_code/top.v Line: 454
Info (10041): Inferred latch for "GPR[26][12]" at top.v(454) File: D:/Udemy_Processor_Course/verilog_code/top.v Line: 454
Info (10041): Inferred latch for "GPR[26][13]" at top.v(454) File: D:/Udemy_Processor_Course/verilog_code/top.v Line: 454
Info (10041): Inferred latch for "GPR[26][14]" at top.v(454) File: D:/Udemy_Processor_Course/verilog_code/top.v Line: 454
Info (10041): Inferred latch for "GPR[26][15]" at top.v(454) File: D:/Udemy_Processor_Course/verilog_code/top.v Line: 454
Info (10041): Inferred latch for "GPR[27][0]" at top.v(454) File: D:/Udemy_Processor_Course/verilog_code/top.v Line: 454
Info (10041): Inferred latch for "GPR[27][1]" at top.v(454) File: D:/Udemy_Processor_Course/verilog_code/top.v Line: 454
Info (10041): Inferred latch for "GPR[27][2]" at top.v(454) File: D:/Udemy_Processor_Course/verilog_code/top.v Line: 454
Info (10041): Inferred latch for "GPR[27][3]" at top.v(454) File: D:/Udemy_Processor_Course/verilog_code/top.v Line: 454
Info (10041): Inferred latch for "GPR[27][4]" at top.v(454) File: D:/Udemy_Processor_Course/verilog_code/top.v Line: 454
Info (10041): Inferred latch for "GPR[27][5]" at top.v(454) File: D:/Udemy_Processor_Course/verilog_code/top.v Line: 454
Info (10041): Inferred latch for "GPR[27][6]" at top.v(454) File: D:/Udemy_Processor_Course/verilog_code/top.v Line: 454
Info (10041): Inferred latch for "GPR[27][7]" at top.v(454) File: D:/Udemy_Processor_Course/verilog_code/top.v Line: 454
Info (10041): Inferred latch for "GPR[27][8]" at top.v(454) File: D:/Udemy_Processor_Course/verilog_code/top.v Line: 454
Info (10041): Inferred latch for "GPR[27][9]" at top.v(454) File: D:/Udemy_Processor_Course/verilog_code/top.v Line: 454
Info (10041): Inferred latch for "GPR[27][10]" at top.v(454) File: D:/Udemy_Processor_Course/verilog_code/top.v Line: 454
Info (10041): Inferred latch for "GPR[27][11]" at top.v(454) File: D:/Udemy_Processor_Course/verilog_code/top.v Line: 454
Info (10041): Inferred latch for "GPR[27][12]" at top.v(454) File: D:/Udemy_Processor_Course/verilog_code/top.v Line: 454
Info (10041): Inferred latch for "GPR[27][13]" at top.v(454) File: D:/Udemy_Processor_Course/verilog_code/top.v Line: 454
Info (10041): Inferred latch for "GPR[27][14]" at top.v(454) File: D:/Udemy_Processor_Course/verilog_code/top.v Line: 454
Info (10041): Inferred latch for "GPR[27][15]" at top.v(454) File: D:/Udemy_Processor_Course/verilog_code/top.v Line: 454
Info (10041): Inferred latch for "GPR[28][0]" at top.v(454) File: D:/Udemy_Processor_Course/verilog_code/top.v Line: 454
Info (10041): Inferred latch for "GPR[28][1]" at top.v(454) File: D:/Udemy_Processor_Course/verilog_code/top.v Line: 454
Info (10041): Inferred latch for "GPR[28][2]" at top.v(454) File: D:/Udemy_Processor_Course/verilog_code/top.v Line: 454
Info (10041): Inferred latch for "GPR[28][3]" at top.v(454) File: D:/Udemy_Processor_Course/verilog_code/top.v Line: 454
Info (10041): Inferred latch for "GPR[28][4]" at top.v(454) File: D:/Udemy_Processor_Course/verilog_code/top.v Line: 454
Info (10041): Inferred latch for "GPR[28][5]" at top.v(454) File: D:/Udemy_Processor_Course/verilog_code/top.v Line: 454
Info (10041): Inferred latch for "GPR[28][6]" at top.v(454) File: D:/Udemy_Processor_Course/verilog_code/top.v Line: 454
Info (10041): Inferred latch for "GPR[28][7]" at top.v(454) File: D:/Udemy_Processor_Course/verilog_code/top.v Line: 454
Info (10041): Inferred latch for "GPR[28][8]" at top.v(454) File: D:/Udemy_Processor_Course/verilog_code/top.v Line: 454
Info (10041): Inferred latch for "GPR[28][9]" at top.v(454) File: D:/Udemy_Processor_Course/verilog_code/top.v Line: 454
Info (10041): Inferred latch for "GPR[28][10]" at top.v(454) File: D:/Udemy_Processor_Course/verilog_code/top.v Line: 454
Info (10041): Inferred latch for "GPR[28][11]" at top.v(454) File: D:/Udemy_Processor_Course/verilog_code/top.v Line: 454
Info (10041): Inferred latch for "GPR[28][12]" at top.v(454) File: D:/Udemy_Processor_Course/verilog_code/top.v Line: 454
Info (10041): Inferred latch for "GPR[28][13]" at top.v(454) File: D:/Udemy_Processor_Course/verilog_code/top.v Line: 454
Info (10041): Inferred latch for "GPR[28][14]" at top.v(454) File: D:/Udemy_Processor_Course/verilog_code/top.v Line: 454
Info (10041): Inferred latch for "GPR[28][15]" at top.v(454) File: D:/Udemy_Processor_Course/verilog_code/top.v Line: 454
Info (10041): Inferred latch for "GPR[29][0]" at top.v(454) File: D:/Udemy_Processor_Course/verilog_code/top.v Line: 454
Info (10041): Inferred latch for "GPR[29][1]" at top.v(454) File: D:/Udemy_Processor_Course/verilog_code/top.v Line: 454
Info (10041): Inferred latch for "GPR[29][2]" at top.v(454) File: D:/Udemy_Processor_Course/verilog_code/top.v Line: 454
Info (10041): Inferred latch for "GPR[29][3]" at top.v(454) File: D:/Udemy_Processor_Course/verilog_code/top.v Line: 454
Info (10041): Inferred latch for "GPR[29][4]" at top.v(454) File: D:/Udemy_Processor_Course/verilog_code/top.v Line: 454
Info (10041): Inferred latch for "GPR[29][5]" at top.v(454) File: D:/Udemy_Processor_Course/verilog_code/top.v Line: 454
Info (10041): Inferred latch for "GPR[29][6]" at top.v(454) File: D:/Udemy_Processor_Course/verilog_code/top.v Line: 454
Info (10041): Inferred latch for "GPR[29][7]" at top.v(454) File: D:/Udemy_Processor_Course/verilog_code/top.v Line: 454
Info (10041): Inferred latch for "GPR[29][8]" at top.v(454) File: D:/Udemy_Processor_Course/verilog_code/top.v Line: 454
Info (10041): Inferred latch for "GPR[29][9]" at top.v(454) File: D:/Udemy_Processor_Course/verilog_code/top.v Line: 454
Info (10041): Inferred latch for "GPR[29][10]" at top.v(454) File: D:/Udemy_Processor_Course/verilog_code/top.v Line: 454
Info (10041): Inferred latch for "GPR[29][11]" at top.v(454) File: D:/Udemy_Processor_Course/verilog_code/top.v Line: 454
Info (10041): Inferred latch for "GPR[29][12]" at top.v(454) File: D:/Udemy_Processor_Course/verilog_code/top.v Line: 454
Info (10041): Inferred latch for "GPR[29][13]" at top.v(454) File: D:/Udemy_Processor_Course/verilog_code/top.v Line: 454
Info (10041): Inferred latch for "GPR[29][14]" at top.v(454) File: D:/Udemy_Processor_Course/verilog_code/top.v Line: 454
Info (10041): Inferred latch for "GPR[29][15]" at top.v(454) File: D:/Udemy_Processor_Course/verilog_code/top.v Line: 454
Info (10041): Inferred latch for "GPR[30][0]" at top.v(454) File: D:/Udemy_Processor_Course/verilog_code/top.v Line: 454
Info (10041): Inferred latch for "GPR[30][1]" at top.v(454) File: D:/Udemy_Processor_Course/verilog_code/top.v Line: 454
Info (10041): Inferred latch for "GPR[30][2]" at top.v(454) File: D:/Udemy_Processor_Course/verilog_code/top.v Line: 454
Info (10041): Inferred latch for "GPR[30][3]" at top.v(454) File: D:/Udemy_Processor_Course/verilog_code/top.v Line: 454
Info (10041): Inferred latch for "GPR[30][4]" at top.v(454) File: D:/Udemy_Processor_Course/verilog_code/top.v Line: 454
Info (10041): Inferred latch for "GPR[30][5]" at top.v(454) File: D:/Udemy_Processor_Course/verilog_code/top.v Line: 454
Info (10041): Inferred latch for "GPR[30][6]" at top.v(454) File: D:/Udemy_Processor_Course/verilog_code/top.v Line: 454
Info (10041): Inferred latch for "GPR[30][7]" at top.v(454) File: D:/Udemy_Processor_Course/verilog_code/top.v Line: 454
Info (10041): Inferred latch for "GPR[30][8]" at top.v(454) File: D:/Udemy_Processor_Course/verilog_code/top.v Line: 454
Info (10041): Inferred latch for "GPR[30][9]" at top.v(454) File: D:/Udemy_Processor_Course/verilog_code/top.v Line: 454
Info (10041): Inferred latch for "GPR[30][10]" at top.v(454) File: D:/Udemy_Processor_Course/verilog_code/top.v Line: 454
Info (10041): Inferred latch for "GPR[30][11]" at top.v(454) File: D:/Udemy_Processor_Course/verilog_code/top.v Line: 454
Info (10041): Inferred latch for "GPR[30][12]" at top.v(454) File: D:/Udemy_Processor_Course/verilog_code/top.v Line: 454
Info (10041): Inferred latch for "GPR[30][13]" at top.v(454) File: D:/Udemy_Processor_Course/verilog_code/top.v Line: 454
Info (10041): Inferred latch for "GPR[30][14]" at top.v(454) File: D:/Udemy_Processor_Course/verilog_code/top.v Line: 454
Info (10041): Inferred latch for "GPR[30][15]" at top.v(454) File: D:/Udemy_Processor_Course/verilog_code/top.v Line: 454
Info (10041): Inferred latch for "GPR[31][0]" at top.v(454) File: D:/Udemy_Processor_Course/verilog_code/top.v Line: 454
Info (10041): Inferred latch for "GPR[31][1]" at top.v(454) File: D:/Udemy_Processor_Course/verilog_code/top.v Line: 454
Info (10041): Inferred latch for "GPR[31][2]" at top.v(454) File: D:/Udemy_Processor_Course/verilog_code/top.v Line: 454
Info (10041): Inferred latch for "GPR[31][3]" at top.v(454) File: D:/Udemy_Processor_Course/verilog_code/top.v Line: 454
Info (10041): Inferred latch for "GPR[31][4]" at top.v(454) File: D:/Udemy_Processor_Course/verilog_code/top.v Line: 454
Info (10041): Inferred latch for "GPR[31][5]" at top.v(454) File: D:/Udemy_Processor_Course/verilog_code/top.v Line: 454
Info (10041): Inferred latch for "GPR[31][6]" at top.v(454) File: D:/Udemy_Processor_Course/verilog_code/top.v Line: 454
Info (10041): Inferred latch for "GPR[31][7]" at top.v(454) File: D:/Udemy_Processor_Course/verilog_code/top.v Line: 454
Info (10041): Inferred latch for "GPR[31][8]" at top.v(454) File: D:/Udemy_Processor_Course/verilog_code/top.v Line: 454
Info (10041): Inferred latch for "GPR[31][9]" at top.v(454) File: D:/Udemy_Processor_Course/verilog_code/top.v Line: 454
Info (10041): Inferred latch for "GPR[31][10]" at top.v(454) File: D:/Udemy_Processor_Course/verilog_code/top.v Line: 454
Info (10041): Inferred latch for "GPR[31][11]" at top.v(454) File: D:/Udemy_Processor_Course/verilog_code/top.v Line: 454
Info (10041): Inferred latch for "GPR[31][12]" at top.v(454) File: D:/Udemy_Processor_Course/verilog_code/top.v Line: 454
Info (10041): Inferred latch for "GPR[31][13]" at top.v(454) File: D:/Udemy_Processor_Course/verilog_code/top.v Line: 454
Info (10041): Inferred latch for "GPR[31][14]" at top.v(454) File: D:/Udemy_Processor_Course/verilog_code/top.v Line: 454
Info (10041): Inferred latch for "GPR[31][15]" at top.v(454) File: D:/Udemy_Processor_Course/verilog_code/top.v Line: 454
Info (10041): Inferred latch for "stop" at top.v(454) File: D:/Udemy_Processor_Course/verilog_code/top.v Line: 454
Info (10041): Inferred latch for "jmp_flag" at top.v(454) File: D:/Udemy_Processor_Course/verilog_code/top.v Line: 454
Info (10041): Inferred latch for "PC[0]" at top.v(454) File: D:/Udemy_Processor_Course/verilog_code/top.v Line: 454
Info (10041): Inferred latch for "PC[1]" at top.v(454) File: D:/Udemy_Processor_Course/verilog_code/top.v Line: 454
Info (10041): Inferred latch for "PC[2]" at top.v(454) File: D:/Udemy_Processor_Course/verilog_code/top.v Line: 454
Info (10041): Inferred latch for "PC[3]" at top.v(454) File: D:/Udemy_Processor_Course/verilog_code/top.v Line: 454
Info (10041): Inferred latch for "PC[4]" at top.v(454) File: D:/Udemy_Processor_Course/verilog_code/top.v Line: 454
Info (10041): Inferred latch for "PC[5]" at top.v(454) File: D:/Udemy_Processor_Course/verilog_code/top.v Line: 454
Info (10041): Inferred latch for "PC[6]" at top.v(454) File: D:/Udemy_Processor_Course/verilog_code/top.v Line: 454
Info (10041): Inferred latch for "PC[7]" at top.v(454) File: D:/Udemy_Processor_Course/verilog_code/top.v Line: 454
Info (10041): Inferred latch for "PC[8]" at top.v(454) File: D:/Udemy_Processor_Course/verilog_code/top.v Line: 454
Info (10041): Inferred latch for "PC[9]" at top.v(454) File: D:/Udemy_Processor_Course/verilog_code/top.v Line: 454
Info (10041): Inferred latch for "PC[10]" at top.v(454) File: D:/Udemy_Processor_Course/verilog_code/top.v Line: 454
Info (10041): Inferred latch for "PC[11]" at top.v(454) File: D:/Udemy_Processor_Course/verilog_code/top.v Line: 454
Info (10041): Inferred latch for "PC[12]" at top.v(454) File: D:/Udemy_Processor_Course/verilog_code/top.v Line: 454
Info (10041): Inferred latch for "PC[13]" at top.v(454) File: D:/Udemy_Processor_Course/verilog_code/top.v Line: 454
Info (10041): Inferred latch for "PC[14]" at top.v(454) File: D:/Udemy_Processor_Course/verilog_code/top.v Line: 454
Info (10041): Inferred latch for "PC[15]" at top.v(454) File: D:/Udemy_Processor_Course/verilog_code/top.v Line: 454
Info (10041): Inferred latch for "PC[16]" at top.v(454) File: D:/Udemy_Processor_Course/verilog_code/top.v Line: 454
Info (10041): Inferred latch for "PC[17]" at top.v(454) File: D:/Udemy_Processor_Course/verilog_code/top.v Line: 454
Info (10041): Inferred latch for "PC[18]" at top.v(454) File: D:/Udemy_Processor_Course/verilog_code/top.v Line: 454
Info (10041): Inferred latch for "PC[19]" at top.v(454) File: D:/Udemy_Processor_Course/verilog_code/top.v Line: 454
Info (10041): Inferred latch for "PC[20]" at top.v(454) File: D:/Udemy_Processor_Course/verilog_code/top.v Line: 454
Info (10041): Inferred latch for "PC[21]" at top.v(454) File: D:/Udemy_Processor_Course/verilog_code/top.v Line: 454
Info (10041): Inferred latch for "PC[22]" at top.v(454) File: D:/Udemy_Processor_Course/verilog_code/top.v Line: 454
Info (10041): Inferred latch for "PC[23]" at top.v(454) File: D:/Udemy_Processor_Course/verilog_code/top.v Line: 454
Info (10041): Inferred latch for "PC[24]" at top.v(454) File: D:/Udemy_Processor_Course/verilog_code/top.v Line: 454
Info (10041): Inferred latch for "PC[25]" at top.v(454) File: D:/Udemy_Processor_Course/verilog_code/top.v Line: 454
Info (10041): Inferred latch for "PC[26]" at top.v(454) File: D:/Udemy_Processor_Course/verilog_code/top.v Line: 454
Info (10041): Inferred latch for "PC[27]" at top.v(454) File: D:/Udemy_Processor_Course/verilog_code/top.v Line: 454
Info (10041): Inferred latch for "PC[28]" at top.v(454) File: D:/Udemy_Processor_Course/verilog_code/top.v Line: 454
Info (10041): Inferred latch for "PC[29]" at top.v(454) File: D:/Udemy_Processor_Course/verilog_code/top.v Line: 454
Info (10041): Inferred latch for "PC[30]" at top.v(454) File: D:/Udemy_Processor_Course/verilog_code/top.v Line: 454
Info (10041): Inferred latch for "PC[31]" at top.v(454) File: D:/Udemy_Processor_Course/verilog_code/top.v Line: 454
Info (10041): Inferred latch for "IR[0]" at top.v(454) File: D:/Udemy_Processor_Course/verilog_code/top.v Line: 454
Info (10041): Inferred latch for "IR[1]" at top.v(454) File: D:/Udemy_Processor_Course/verilog_code/top.v Line: 454
Info (10041): Inferred latch for "IR[2]" at top.v(454) File: D:/Udemy_Processor_Course/verilog_code/top.v Line: 454
Info (10041): Inferred latch for "IR[3]" at top.v(454) File: D:/Udemy_Processor_Course/verilog_code/top.v Line: 454
Info (10041): Inferred latch for "IR[4]" at top.v(454) File: D:/Udemy_Processor_Course/verilog_code/top.v Line: 454
Info (10041): Inferred latch for "IR[5]" at top.v(454) File: D:/Udemy_Processor_Course/verilog_code/top.v Line: 454
Info (10041): Inferred latch for "IR[6]" at top.v(454) File: D:/Udemy_Processor_Course/verilog_code/top.v Line: 454
Info (10041): Inferred latch for "IR[7]" at top.v(454) File: D:/Udemy_Processor_Course/verilog_code/top.v Line: 454
Info (10041): Inferred latch for "IR[8]" at top.v(454) File: D:/Udemy_Processor_Course/verilog_code/top.v Line: 454
Info (10041): Inferred latch for "IR[9]" at top.v(454) File: D:/Udemy_Processor_Course/verilog_code/top.v Line: 454
Info (10041): Inferred latch for "IR[10]" at top.v(454) File: D:/Udemy_Processor_Course/verilog_code/top.v Line: 454
Info (10041): Inferred latch for "IR[11]" at top.v(454) File: D:/Udemy_Processor_Course/verilog_code/top.v Line: 454
Info (10041): Inferred latch for "IR[12]" at top.v(454) File: D:/Udemy_Processor_Course/verilog_code/top.v Line: 454
Info (10041): Inferred latch for "IR[13]" at top.v(454) File: D:/Udemy_Processor_Course/verilog_code/top.v Line: 454
Info (10041): Inferred latch for "IR[14]" at top.v(454) File: D:/Udemy_Processor_Course/verilog_code/top.v Line: 454
Info (10041): Inferred latch for "IR[15]" at top.v(454) File: D:/Udemy_Processor_Course/verilog_code/top.v Line: 454
Info (10041): Inferred latch for "IR[16]" at top.v(454) File: D:/Udemy_Processor_Course/verilog_code/top.v Line: 454
Info (10041): Inferred latch for "IR[17]" at top.v(454) File: D:/Udemy_Processor_Course/verilog_code/top.v Line: 454
Info (10041): Inferred latch for "IR[18]" at top.v(454) File: D:/Udemy_Processor_Course/verilog_code/top.v Line: 454
Info (10041): Inferred latch for "IR[19]" at top.v(454) File: D:/Udemy_Processor_Course/verilog_code/top.v Line: 454
Info (10041): Inferred latch for "IR[20]" at top.v(454) File: D:/Udemy_Processor_Course/verilog_code/top.v Line: 454
Info (10041): Inferred latch for "IR[21]" at top.v(454) File: D:/Udemy_Processor_Course/verilog_code/top.v Line: 454
Info (10041): Inferred latch for "IR[22]" at top.v(454) File: D:/Udemy_Processor_Course/verilog_code/top.v Line: 454
Info (10041): Inferred latch for "IR[23]" at top.v(454) File: D:/Udemy_Processor_Course/verilog_code/top.v Line: 454
Info (10041): Inferred latch for "IR[24]" at top.v(454) File: D:/Udemy_Processor_Course/verilog_code/top.v Line: 454
Info (10041): Inferred latch for "IR[25]" at top.v(454) File: D:/Udemy_Processor_Course/verilog_code/top.v Line: 454
Info (10041): Inferred latch for "IR[26]" at top.v(454) File: D:/Udemy_Processor_Course/verilog_code/top.v Line: 454
Info (10041): Inferred latch for "IR[27]" at top.v(454) File: D:/Udemy_Processor_Course/verilog_code/top.v Line: 454
Info (10041): Inferred latch for "IR[28]" at top.v(454) File: D:/Udemy_Processor_Course/verilog_code/top.v Line: 454
Info (10041): Inferred latch for "IR[29]" at top.v(454) File: D:/Udemy_Processor_Course/verilog_code/top.v Line: 454
Info (10041): Inferred latch for "IR[30]" at top.v(454) File: D:/Udemy_Processor_Course/verilog_code/top.v Line: 454
Info (10041): Inferred latch for "IR[31]" at top.v(454) File: D:/Udemy_Processor_Course/verilog_code/top.v Line: 454
Info: Quartus Prime Analysis & Elaboration was successful. 0 errors, 19 warnings
    Info: Peak virtual memory: 4755 megabytes
    Info: Processing ended: Thu Apr 25 15:41:14 2024
    Info: Elapsed time: 00:00:12
    Info: Total CPU time (on all processors): 00:00:12


